Archive member included to satisfy reference by file (symbol)

/usr/local/gcc_arm/gcc-arm-none-eabi-8-2019-q3-update/bin/../lib/gcc/arm-none-eabi/8.3.1/thumb/v7-m/nofp/libgcc.a(_aeabi_uldivmod.o)
                              CMakeFiles/usbMbeeHost.elf.dir/Drivers/STM32F1xx_HAL_Driver/Src/stm32f1xx_hal_rcc.c.obj (__aeabi_uldivmod)
/usr/local/gcc_arm/gcc-arm-none-eabi-8-2019-q3-update/bin/../lib/gcc/arm-none-eabi/8.3.1/thumb/v7-m/nofp/libgcc.a(_udivmoddi4.o)
                              /usr/local/gcc_arm/gcc-arm-none-eabi-8-2019-q3-update/bin/../lib/gcc/arm-none-eabi/8.3.1/thumb/v7-m/nofp/libgcc.a(_aeabi_uldivmod.o) (__udivmoddi4)
/usr/local/gcc_arm/gcc-arm-none-eabi-8-2019-q3-update/bin/../lib/gcc/arm-none-eabi/8.3.1/thumb/v7-m/nofp/libgcc.a(_dvmd_tls.o)
                              /usr/local/gcc_arm/gcc-arm-none-eabi-8-2019-q3-update/bin/../lib/gcc/arm-none-eabi/8.3.1/thumb/v7-m/nofp/libgcc.a(_aeabi_uldivmod.o) (__aeabi_ldiv0)
/usr/local/gcc_arm/gcc-arm-none-eabi-8-2019-q3-update/bin/../lib/gcc/arm-none-eabi/8.3.1/../../../../arm-none-eabi/lib/thumb/v7-m/nofp/libg_nano.a(lib_a-errno.o)
                              CMakeFiles/usbMbeeHost.elf.dir/Src/syscalls.c.obj (__errno)
/usr/local/gcc_arm/gcc-arm-none-eabi-8-2019-q3-update/bin/../lib/gcc/arm-none-eabi/8.3.1/../../../../arm-none-eabi/lib/thumb/v7-m/nofp/libg_nano.a(lib_a-exit.o)
                              /usr/local/gcc_arm/gcc-arm-none-eabi-8-2019-q3-update/bin/../lib/gcc/arm-none-eabi/8.3.1/../../../../arm-none-eabi/lib/thumb/v7-m/nofp/crt0.o (exit)
/usr/local/gcc_arm/gcc-arm-none-eabi-8-2019-q3-update/bin/../lib/gcc/arm-none-eabi/8.3.1/../../../../arm-none-eabi/lib/thumb/v7-m/nofp/libg_nano.a(lib_a-impure.o)
                              /usr/local/gcc_arm/gcc-arm-none-eabi-8-2019-q3-update/bin/../lib/gcc/arm-none-eabi/8.3.1/../../../../arm-none-eabi/lib/thumb/v7-m/nofp/libg_nano.a(lib_a-exit.o) (_global_impure_ptr)
/usr/local/gcc_arm/gcc-arm-none-eabi-8-2019-q3-update/bin/../lib/gcc/arm-none-eabi/8.3.1/../../../../arm-none-eabi/lib/thumb/v7-m/nofp/libg_nano.a(lib_a-init.o)
                              /usr/local/gcc_arm/gcc-arm-none-eabi-8-2019-q3-update/bin/../lib/gcc/arm-none-eabi/8.3.1/../../../../arm-none-eabi/lib/thumb/v7-m/nofp/crt0.o (__libc_init_array)
/usr/local/gcc_arm/gcc-arm-none-eabi-8-2019-q3-update/bin/../lib/gcc/arm-none-eabi/8.3.1/../../../../arm-none-eabi/lib/thumb/v7-m/nofp/libg_nano.a(lib_a-malloc.o)
                              CMakeFiles/usbMbeeHost.elf.dir/Middlewares/ST/STM32_USB_Host_Library/Class/CDC/Src/usbh_cdc.c.obj (malloc)
/usr/local/gcc_arm/gcc-arm-none-eabi-8-2019-q3-update/bin/../lib/gcc/arm-none-eabi/8.3.1/../../../../arm-none-eabi/lib/thumb/v7-m/nofp/libg_nano.a(lib_a-memset.o)
                              /usr/local/gcc_arm/gcc-arm-none-eabi-8-2019-q3-update/bin/../lib/gcc/arm-none-eabi/8.3.1/../../../../arm-none-eabi/lib/thumb/v7-m/nofp/crt0.o (memset)
/usr/local/gcc_arm/gcc-arm-none-eabi-8-2019-q3-update/bin/../lib/gcc/arm-none-eabi/8.3.1/../../../../arm-none-eabi/lib/thumb/v7-m/nofp/libg_nano.a(lib_a-nano-freer.o)
                              /usr/local/gcc_arm/gcc-arm-none-eabi-8-2019-q3-update/bin/../lib/gcc/arm-none-eabi/8.3.1/../../../../arm-none-eabi/lib/thumb/v7-m/nofp/libg_nano.a(lib_a-malloc.o) (_free_r)
/usr/local/gcc_arm/gcc-arm-none-eabi-8-2019-q3-update/bin/../lib/gcc/arm-none-eabi/8.3.1/../../../../arm-none-eabi/lib/thumb/v7-m/nofp/libg_nano.a(lib_a-nano-mallocr.o)
                              /usr/local/gcc_arm/gcc-arm-none-eabi-8-2019-q3-update/bin/../lib/gcc/arm-none-eabi/8.3.1/../../../../arm-none-eabi/lib/thumb/v7-m/nofp/libg_nano.a(lib_a-malloc.o) (_malloc_r)
/usr/local/gcc_arm/gcc-arm-none-eabi-8-2019-q3-update/bin/../lib/gcc/arm-none-eabi/8.3.1/../../../../arm-none-eabi/lib/thumb/v7-m/nofp/libg_nano.a(lib_a-printf.o)
                              CMakeFiles/usbMbeeHost.elf.dir/Middlewares/ST/STM32_USB_Host_Library/Class/CDC/Src/usbh_cdc.c.obj (printf)
/usr/local/gcc_arm/gcc-arm-none-eabi-8-2019-q3-update/bin/../lib/gcc/arm-none-eabi/8.3.1/../../../../arm-none-eabi/lib/thumb/v7-m/nofp/libg_nano.a(lib_a-putchar.o)
                              CMakeFiles/usbMbeeHost.elf.dir/Middlewares/ST/STM32_USB_Host_Library/Class/CDC/Src/usbh_cdc.c.obj (putchar)
/usr/local/gcc_arm/gcc-arm-none-eabi-8-2019-q3-update/bin/../lib/gcc/arm-none-eabi/8.3.1/../../../../arm-none-eabi/lib/thumb/v7-m/nofp/libg_nano.a(lib_a-sbrkr.o)
                              /usr/local/gcc_arm/gcc-arm-none-eabi-8-2019-q3-update/bin/../lib/gcc/arm-none-eabi/8.3.1/../../../../arm-none-eabi/lib/thumb/v7-m/nofp/libg_nano.a(lib_a-nano-mallocr.o) (_sbrk_r)
/usr/local/gcc_arm/gcc-arm-none-eabi-8-2019-q3-update/bin/../lib/gcc/arm-none-eabi/8.3.1/../../../../arm-none-eabi/lib/thumb/v7-m/nofp/libg_nano.a(lib_a-findfp.o)
                              /usr/local/gcc_arm/gcc-arm-none-eabi-8-2019-q3-update/bin/../lib/gcc/arm-none-eabi/8.3.1/../../../../arm-none-eabi/lib/thumb/v7-m/nofp/libg_nano.a(lib_a-printf.o) (__sinit)
[...]
Memory Configuration

Name             Origin             Length             Attributes
RAM              0x0000000020000000 0x0000000000010000 xrw
FLASH            0x0000000008000000 0x0000000000020000 xr
*default*        0x0000000000000000 0xffffffffffffffff

Linker script and memory map

LOAD /usr/local/gcc_arm/gcc-arm-none-eabi-8-2019-q3-update/bin/../lib/gcc/arm-none-eabi/8.3.1/thumb/v7-m/nofp/crti.o
LOAD /usr/local/gcc_arm/gcc-arm-none-eabi-8-2019-q3-update/bin/../lib/gcc/arm-none-eabi/8.3.1/thumb/v7-m/nofp/crtbegin.o
LOAD /usr/local/gcc_arm/gcc-arm-none-eabi-8-2019-q3-update/bin/../lib/gcc/arm-none-eabi/8.3.1/../../../../arm-none-eabi/lib/thumb/v7-m/nofp/crt0.o
LOAD CMakeFiles/usbMbeeHost.elf.dir/Drivers/STM32F1xx_HAL_Driver/Src/stm32f1xx_hal.c.obj
LOAD CMakeFiles/usbMbeeHost.elf.dir/Drivers/STM32F1xx_HAL_Driver/Src/stm32f1xx_hal_cortex.c.obj
LOAD CMakeFiles/usbMbeeHost.elf.dir/Drivers/STM32F1xx_HAL_Driver/Src/stm32f1xx_hal_dma.c.obj
LOAD CMakeFiles/usbMbeeHost.elf.dir/Drivers/STM32F1xx_HAL_Driver/Src/stm32f1xx_hal_exti.c.obj
LOAD CMakeFiles/usbMbeeHost.elf.dir/Drivers/STM32F1xx_HAL_Driver/Src/stm32f1xx_hal_flash.c.obj
LOAD CMakeFiles/usbMbeeHost.elf.dir/Drivers/STM32F1xx_HAL_Driver/Src/stm32f1xx_hal_flash_ex.c.obj
LOAD CMakeFiles/usbMbeeHost.elf.dir/Drivers/STM32F1xx_HAL_Driver/Src/stm32f1xx_hal_gpio.c.obj
LOAD CMakeFiles/usbMbeeHost.elf.dir/Drivers/STM32F1xx_HAL_Driver/Src/stm32f1xx_hal_gpio_ex.c.obj
LOAD CMakeFiles/usbMbeeHost.elf.dir/Drivers/STM32F1xx_HAL_Driver/Src/stm32f1xx_hal_hcd.c.obj
LOAD CMakeFiles/usbMbeeHost.elf.dir/Drivers/STM32F1xx_HAL_Driver/Src/stm32f1xx_hal_pwr.c.obj
LOAD CMakeFiles/usbMbeeHost.elf.dir/Drivers/STM32F1xx_HAL_Driver/Src/stm32f1xx_hal_rcc.c.obj
LOAD CMakeFiles/usbMbeeHost.elf.dir/Drivers/STM32F1xx_HAL_Driver/Src/stm32f1xx_hal_rcc_ex.c.obj
LOAD CMakeFiles/usbMbeeHost.elf.dir/Drivers/STM32F1xx_HAL_Driver/Src/stm32f1xx_hal_tim.c.obj
LOAD CMakeFiles/usbMbeeHost.elf.dir/Drivers/STM32F1xx_HAL_Driver/Src/stm32f1xx_hal_tim_ex.c.obj
LOAD CMakeFiles/usbMbeeHost.elf.dir/Drivers/STM32F1xx_HAL_Driver/Src/stm32f1xx_hal_uart.c.obj
LOAD CMakeFiles/usbMbeeHost.elf.dir/Drivers/STM32F1xx_HAL_Driver/Src/stm32f1xx_ll_usb.c.obj
LOAD CMakeFiles/usbMbeeHost.elf.dir/Middlewares/ST/STM32_USB_Host_Library/Class/CDC/Src/usbh_cdc.c.obj
LOAD CMakeFiles/usbMbeeHost.elf.dir/Middlewares/ST/STM32_USB_Host_Library/Core/Src/usbh_core.c.obj
LOAD CMakeFiles/usbMbeeHost.elf.dir/Middlewares/ST/STM32_USB_Host_Library/Core/Src/usbh_ctlreq.c.obj
LOAD CMakeFiles/usbMbeeHost.elf.dir/Middlewares/ST/STM32_USB_Host_Library/Core/Src/usbh_ioreq.c.obj
LOAD CMakeFiles/usbMbeeHost.elf.dir/Middlewares/ST/STM32_USB_Host_Library/Core/Src/usbh_pipes.c.obj
LOAD CMakeFiles/usbMbeeHost.elf.dir/Src/main.c.obj
LOAD CMakeFiles/usbMbeeHost.elf.dir/Src/stm32f1xx_hal_msp.c.obj
LOAD CMakeFiles/usbMbeeHost.elf.dir/Src/stm32f1xx_it.c.obj
LOAD CMakeFiles/usbMbeeHost.elf.dir/Src/syscalls.c.obj
LOAD CMakeFiles/usbMbeeHost.elf.dir/Src/system_stm32f1xx.c.obj
LOAD CMakeFiles/usbMbeeHost.elf.dir/Src/usb_host.c.obj
LOAD CMakeFiles/usbMbeeHost.elf.dir/Src/usbh_conf.c.obj
LOAD CMakeFiles/usbMbeeHost.elf.dir/Src/usbh_platform.c.obj
LOAD CMakeFiles/usbMbeeHost.elf.dir/startup/startup_stm32f105xc.s.obj
START GROUP
LOAD /usr/local/gcc_arm/gcc-arm-none-eabi-8-2019-q3-update/bin/../lib/gcc/arm-none-eabi/8.3.1/thumb/v7-m/nofp/libgcc.a
LOAD /usr/local/gcc_arm/gcc-arm-none-eabi-8-2019-q3-update/bin/../lib/gcc/arm-none-eabi/8.3.1/../../../../arm-none-eabi/lib/thumb/v7-m/nofp/libg_nano.a
LOAD /usr/local/gcc_arm/gcc-arm-none-eabi-8-2019-q3-update/bin/../lib/gcc/arm-none-eabi/8.3.1/../../../../arm-none-eabi/lib/thumb/v7-m/nofp/libc_nano.a
END GROUP
START GROUP
LOAD /usr/local/gcc_arm/gcc-arm-none-eabi-8-2019-q3-update/bin/../lib/gcc/arm-none-eabi/8.3.1/thumb/v7-m/nofp/libgcc.a
LOAD /usr/local/gcc_arm/gcc-arm-none-eabi-8-2019-q3-update/bin/../lib/gcc/arm-none-eabi/8.3.1/../../../../arm-none-eabi/lib/thumb/v7-m/nofp/libc_nano.a
LOAD /usr/local/gcc_arm/gcc-arm-none-eabi-8-2019-q3-update/bin/../lib/gcc/arm-none-eabi/8.3.1/../../../../arm-none-eabi/lib/thumb/v7-m/nofp/libnosys.a
END GROUP
START GROUP
LOAD /usr/local/gcc_arm/gcc-arm-none-eabi-8-2019-q3-update/bin/../lib/gcc/arm-none-eabi/8.3.1/thumb/v7-m/nofp/libgcc.a
LOAD /usr/local/gcc_arm/gcc-arm-none-eabi-8-2019-q3-update/bin/../lib/gcc/arm-none-eabi/8.3.1/../../../../arm-none-eabi/lib/thumb/v7-m/nofp/libc_nano.a
LOAD /usr/local/gcc_arm/gcc-arm-none-eabi-8-2019-q3-update/bin/../lib/gcc/arm-none-eabi/8.3.1/../../../../arm-none-eabi/lib/thumb/v7-m/nofp/libnosys.a
END GROUP
LOAD /usr/local/gcc_arm/gcc-arm-none-eabi-8-2019-q3-update/bin/../lib/gcc/arm-none-eabi/8.3.1/thumb/v7-m/nofp/crtend.o
LOAD /usr/local/gcc_arm/gcc-arm-none-eabi-8-2019-q3-update/bin/../lib/gcc/arm-none-eabi/8.3.1/thumb/v7-m/nofp/crtn.o
                0x0000000020010000                _estack = 0x20010000
                0x0000000000001000                _Min_Heap_Size = 0x1000
                0x0000000000000400                _Min_Stack_Size = 0x400

.isr_vector     0x0000000008000000      0x1e4
                0x0000000008000000                . = ALIGN (0x4)
 *(.isr_vector)
 .isr_vector    0x0000000008000000      0x1e4 CMakeFiles/usbMbeeHost.elf.dir/startup/startup_stm32f105xc.s.obj
                0x0000000008000000                g_pfnVectors
                0x00000000080001e4                . = ALIGN (0x4)

.text           0x00000000080001e4     0x8260
                0x00000000080001e4                . = ALIGN (0x4)
 *(.text)
 .text          0x00000000080001e4       0x40 /usr/local/gcc_arm/gcc-arm-none-eabi-8-2019-q3-update/bin/../lib/gcc/arm-none-eabi/8.3.1/thumb/v7-m/nofp/crtbegin.o
 .text          0x0000000008000224       0x30 /usr/local/gcc_arm/gcc-arm-none-eabi-8-2019-q3-update/bin/../lib/gcc/arm-none-eabi/8.3.1/thumb/v7-m/nofp/libgcc.a(_aeabi_uldivmod.o)
                0x0000000008000224                __aeabi_uldivmod
 .text          0x0000000008000254      0x2d0 /usr/local/gcc_arm/gcc-arm-none-eabi-8-2019-q3-update/bin/../lib/gcc/arm-none-eabi/8.3.1/thumb/v7-m/nofp/libgcc.a(_udivmoddi4.o)
                0x0000000008000254                __udivmoddi4
 .text          0x0000000008000524        0x4 /usr/local/gcc_arm/gcc-arm-none-eabi-8-2019-q3-update/bin/../lib/gcc/arm-none-eabi/8.3.1/thumb/v7-m/nofp/libgcc.a(_dvmd_tls.o)
                0x0000000008000524                __aeabi_ldiv0
                0x0000000008000524                __aeabi_idiv0
 *(.text*)
 .text.HAL_Init
                0x0000000008000528       0x2c CMakeFiles/usbMbeeHost.elf.dir/Drivers/STM32F1xx_HAL_Driver/Src/stm32f1xx_hal.c.obj
                0x0000000008000528                HAL_Init
 .text.HAL_InitTick
                0x0000000008000554       0x60 CMakeFiles/usbMbeeHost.elf.dir/Drivers/STM32F1xx_HAL_Driver/Src/stm32f1xx_hal.c.obj
                0x0000000008000554                HAL_InitTick
 .text.HAL_IncTick
                0x00000000080005b4       0x24 CMakeFiles/usbMbeeHost.elf.dir/Drivers/STM32F1xx_HAL_Driver/Src/stm32f1xx_hal.c.obj
                0x00000000080005b4                HAL_IncTick
 .text.HAL_GetTick
                0x00000000080005d8       0x14 CMakeFiles/usbMbeeHost.elf.dir/Drivers/STM32F1xx_HAL_Driver/Src/stm32f1xx_hal.c.obj
                0x00000000080005d8                HAL_GetTick
 .text.HAL_Delay
                0x00000000080005ec       0x44 CMakeFiles/usbMbeeHost.elf.dir/Drivers/STM32F1xx_HAL_Driver/Src/stm32f1xx_hal.c.obj
                0x00000000080005ec                HAL_Delay
 .text.__NVIC_SetPriorityGrouping
                0x0000000008000630       0x48 CMakeFiles/usbMbeeHost.elf.dir/Drivers/STM32F1xx_HAL_Driver/Src/stm32f1xx_hal_cortex.c.obj
 .text.__NVIC_GetPriorityGrouping
                0x0000000008000678       0x1c CMakeFiles/usbMbeeHost.elf.dir/Drivers/STM32F1xx_HAL_Driver/Src/stm32f1xx_hal_cortex.c.obj
 .text.__NVIC_EnableIRQ
                0x0000000008000694       0x38 CMakeFiles/usbMbeeHost.elf.dir/Drivers/STM32F1xx_HAL_Driver/Src/stm32f1xx_hal_cortex.c.obj
 .text.__NVIC_SetPriority
                0x00000000080006cc       0x54 CMakeFiles/usbMbeeHost.elf.dir/Drivers/STM32F1xx_HAL_Driver/Src/stm32f1xx_hal_cortex.c.obj
 .text.NVIC_EncodePriority
                0x0000000008000720       0x64 CMakeFiles/usbMbeeHost.elf.dir/Drivers/STM32F1xx_HAL_Driver/Src/stm32f1xx_hal_cortex.c.obj
 .text.SysTick_Config
                0x0000000008000784       0x44 CMakeFiles/usbMbeeHost.elf.dir/Drivers/STM32F1xx_HAL_Driver/Src/stm32f1xx_hal_cortex.c.obj
 .text.HAL_NVIC_SetPriorityGrouping
                0x00000000080007c8       0x16 CMakeFiles/usbMbeeHost.elf.dir/Drivers/STM32F1xx_HAL_Driver/Src/stm32f1xx_hal_cortex.c.obj
                0x00000000080007c8                HAL_NVIC_SetPriorityGrouping
 .text.HAL_NVIC_SetPriority
                0x00000000080007de       0x38 CMakeFiles/usbMbeeHost.elf.dir/Drivers/STM32F1xx_HAL_Driver/Src/stm32f1xx_hal_cortex.c.obj
                0x00000000080007de                HAL_NVIC_SetPriority
 .text.HAL_NVIC_EnableIRQ
                0x0000000008000816       0x1c CMakeFiles/usbMbeeHost.elf.dir/Drivers/STM32F1xx_HAL_Driver/Src/stm32f1xx_hal_cortex.c.obj
                0x0000000008000816                HAL_NVIC_EnableIRQ
 .text.HAL_SYSTICK_Config
                0x0000000008000832       0x18 CMakeFiles/usbMbeeHost.elf.dir/Drivers/STM32F1xx_HAL_Driver/Src/stm32f1xx_hal_cortex.c.obj
                0x0000000008000832                HAL_SYSTICK_Config
 *fill*         0x000000000800084a        0x2 
 .text.HAL_DMA_Abort_IT
                0x000000000800084c      0x210 CMakeFiles/usbMbeeHost.elf.dir/Drivers/STM32F1xx_HAL_Driver/Src/stm32f1xx_hal_dma.c.obj
                0x000000000800084c                HAL_DMA_Abort_IT
 .text.HAL_GPIO_Init
                0x0000000008000a5c      0x2b4 CMakeFiles/usbMbeeHost.elf.dir/Drivers/STM32F1xx_HAL_Driver/Src/stm32f1xx_hal_gpio.c.obj
                0x0000000008000a5c                HAL_GPIO_Init
 .text.HAL_GPIO_WritePin
                0x0000000008000d10       0x30 CMakeFiles/usbMbeeHost.elf.dir/Drivers/STM32F1xx_HAL_Driver/Src/stm32f1xx_hal_gpio.c.obj
                0x0000000008000d10                HAL_GPIO_WritePin
 .text.HAL_HCD_Init
                0x0000000008000d40       0xc4 CMakeFiles/usbMbeeHost.elf.dir/Drivers/STM32F1xx_HAL_Driver/Src/stm32f1xx_hal_hcd.c.obj
                0x0000000008000d40                HAL_HCD_Init
 .text.HAL_HCD_HC_Init
                0x0000000008000e04      0x130 CMakeFiles/usbMbeeHost.elf.dir/Drivers/STM32F1xx_HAL_Driver/Src/stm32f1xx_hal_hcd.c.obj
                0x0000000008000e04                HAL_HCD_HC_Init
 .text.HAL_HCD_HC_Halt
                0x0000000008000f34       0x46 CMakeFiles/usbMbeeHost.elf.dir/Drivers/STM32F1xx_HAL_Driver/Src/stm32f1xx_hal_hcd.c.obj
                0x0000000008000f34                HAL_HCD_HC_Halt
 *fill*         0x0000000008000f7a        0x2 
 .text.HAL_HCD_HC_SubmitRequest
                0x0000000008000f7c      0x2dc CMakeFiles/usbMbeeHost.elf.dir/Drivers/STM32F1xx_HAL_Driver/Src/stm32f1xx_hal_hcd.c.obj
                0x0000000008000f7c                HAL_HCD_HC_SubmitRequest
 .text.HAL_HCD_IRQHandler
                0x0000000008001258      0x208 CMakeFiles/usbMbeeHost.elf.dir/Drivers/STM32F1xx_HAL_Driver/Src/stm32f1xx_hal_hcd.c.obj
                0x0000000008001258                HAL_HCD_IRQHandler
 .text.HAL_HCD_Start
                0x0000000008001460       0x46 CMakeFiles/usbMbeeHost.elf.dir/Drivers/STM32F1xx_HAL_Driver/Src/stm32f1xx_hal_hcd.c.obj
                0x0000000008001460                HAL_HCD_Start
 .text.HAL_HCD_Stop
                0x00000000080014a6       0x3a CMakeFiles/usbMbeeHost.elf.dir/Drivers/STM32F1xx_HAL_Driver/Src/stm32f1xx_hal_hcd.c.obj
                0x00000000080014a6                HAL_HCD_Stop
 .text.HAL_HCD_ResetPort
                0x00000000080014e0       0x1c CMakeFiles/usbMbeeHost.elf.dir/Drivers/STM32F1xx_HAL_Driver/Src/stm32f1xx_hal_hcd.c.obj
                0x00000000080014e0                HAL_HCD_ResetPort
 .text.HAL_HCD_HC_GetURBState
                0x00000000080014fc       0x28 CMakeFiles/usbMbeeHost.elf.dir/Drivers/STM32F1xx_HAL_Driver/Src/stm32f1xx_hal_hcd.c.obj
                0x00000000080014fc                HAL_HCD_HC_GetURBState
 .text.HAL_HCD_HC_GetXferCount
                0x0000000008001524       0x28 CMakeFiles/usbMbeeHost.elf.dir/Drivers/STM32F1xx_HAL_Driver/Src/stm32f1xx_hal_hcd.c.obj
                0x0000000008001524                HAL_HCD_HC_GetXferCount
 .text.HAL_HCD_GetCurrentFrame
                0x000000000800154c       0x1c CMakeFiles/usbMbeeHost.elf.dir/Drivers/STM32F1xx_HAL_Driver/Src/stm32f1xx_hal_hcd.c.obj
                0x000000000800154c                HAL_HCD_GetCurrentFrame
 .text.HAL_HCD_GetCurrentSpeed
                0x0000000008001568       0x1c CMakeFiles/usbMbeeHost.elf.dir/Drivers/STM32F1xx_HAL_Driver/Src/stm32f1xx_hal_hcd.c.obj
                0x0000000008001568                HAL_HCD_GetCurrentSpeed
 .text.HCD_HC_IN_IRQHandler
                0x0000000008001584      0x732 CMakeFiles/usbMbeeHost.elf.dir/Drivers/STM32F1xx_HAL_Driver/Src/stm32f1xx_hal_hcd.c.obj
 .text.HCD_HC_OUT_IRQHandler
                0x0000000008001cb6      0x6aa CMakeFiles/usbMbeeHost.elf.dir/Drivers/STM32F1xx_HAL_Driver/Src/stm32f1xx_hal_hcd.c.obj
 .text.HCD_RXQLVL_IRQHandler
                0x0000000008002360      0x15c CMakeFiles/usbMbeeHost.elf.dir/Drivers/STM32F1xx_HAL_Driver/Src/stm32f1xx_hal_hcd.c.obj
 .text.HCD_Port_IRQHandler
                0x00000000080024bc       0xe6 CMakeFiles/usbMbeeHost.elf.dir/Drivers/STM32F1xx_HAL_Driver/Src/stm32f1xx_hal_hcd.c.obj
 *fill*         0x00000000080025a2        0x2 
 .text.HAL_RCC_OscConfig
                0x00000000080025a4      0x62c CMakeFiles/usbMbeeHost.elf.dir/Drivers/STM32F1xx_HAL_Driver/Src/stm32f1xx_hal_rcc.c.obj
                0x00000000080025a4                HAL_RCC_OscConfig
 .text.HAL_RCC_ClockConfig
                0x0000000008002bd0      0x1d4 CMakeFiles/usbMbeeHost.elf.dir/Drivers/STM32F1xx_HAL_Driver/Src/stm32f1xx_hal_rcc.c.obj
                0x0000000008002bd0                HAL_RCC_ClockConfig
 .text.HAL_RCC_GetSysClockFreq
                0x0000000008002da4      0x178 CMakeFiles/usbMbeeHost.elf.dir/Drivers/STM32F1xx_HAL_Driver/Src/stm32f1xx_hal_rcc.c.obj
                0x0000000008002da4                HAL_RCC_GetSysClockFreq
 .text.HAL_RCC_GetHCLKFreq
                0x0000000008002f1c       0x14 CMakeFiles/usbMbeeHost.elf.dir/Drivers/STM32F1xx_HAL_Driver/Src/stm32f1xx_hal_rcc.c.obj
                0x0000000008002f1c                HAL_RCC_GetHCLKFreq
 .text.HAL_RCC_GetPCLK1Freq
                0x0000000008002f30       0x28 CMakeFiles/usbMbeeHost.elf.dir/Drivers/STM32F1xx_HAL_Driver/Src/stm32f1xx_hal_rcc.c.obj
                0x0000000008002f30                HAL_RCC_GetPCLK1Freq
 .text.HAL_RCC_GetPCLK2Freq
                0x0000000008002f58       0x28 CMakeFiles/usbMbeeHost.elf.dir/Drivers/STM32F1xx_HAL_Driver/Src/stm32f1xx_hal_rcc.c.obj
                0x0000000008002f58                HAL_RCC_GetPCLK2Freq
 .text.RCC_Delay
                0x0000000008002f80       0x3c CMakeFiles/usbMbeeHost.elf.dir/Drivers/STM32F1xx_HAL_Driver/Src/stm32f1xx_hal_rcc.c.obj
 .text.HAL_RCCEx_PeriphCLKConfig
                0x0000000008002fbc      0x264 CMakeFiles/usbMbeeHost.elf.dir/Drivers/STM32F1xx_HAL_Driver/Src/stm32f1xx_hal_rcc_ex.c.obj
                0x0000000008002fbc                HAL_RCCEx_PeriphCLKConfig
 .text.HAL_UART_Init
                0x0000000008003220       0x9a CMakeFiles/usbMbeeHost.elf.dir/Drivers/STM32F1xx_HAL_Driver/Src/stm32f1xx_hal_uart.c.obj
                0x0000000008003220                HAL_UART_Init
 .text.HAL_UART_Transmit_IT
                0x00000000080032ba       0x88 CMakeFiles/usbMbeeHost.elf.dir/Drivers/STM32F1xx_HAL_Driver/Src/stm32f1xx_hal_uart.c.obj
                0x00000000080032ba                HAL_UART_Transmit_IT
 .text.HAL_UART_Receive_IT
                0x0000000008003342       0xa8 CMakeFiles/usbMbeeHost.elf.dir/Drivers/STM32F1xx_HAL_Driver/Src/stm32f1xx_hal_uart.c.obj
                0x0000000008003342                HAL_UART_Receive_IT
 *fill*         0x00000000080033ea        0x2 
 .text.HAL_UART_IRQHandler
                0x00000000080033ec      0x1f8 CMakeFiles/usbMbeeHost.elf.dir/Drivers/STM32F1xx_HAL_Driver/Src/stm32f1xx_hal_uart.c.obj
                0x00000000080033ec                HAL_UART_IRQHandler
 .text.HAL_UART_TxCpltCallback
                0x00000000080035e4       0x12 CMakeFiles/usbMbeeHost.elf.dir/Drivers/STM32F1xx_HAL_Driver/Src/stm32f1xx_hal_uart.c.obj
                0x00000000080035e4                HAL_UART_TxCpltCallback
 .text.HAL_UART_ErrorCallback
                0x00000000080035f6       0x12 CMakeFiles/usbMbeeHost.elf.dir/Drivers/STM32F1xx_HAL_Driver/Src/stm32f1xx_hal_uart.c.obj
                0x00000000080035f6                HAL_UART_ErrorCallback
 .text.UART_EndRxTransfer
                0x0000000008003608       0x3a CMakeFiles/usbMbeeHost.elf.dir/Drivers/STM32F1xx_HAL_Driver/Src/stm32f1xx_hal_uart.c.obj
 .text.UART_DMAAbortOnError
                0x0000000008003642       0x28 CMakeFiles/usbMbeeHost.elf.dir/Drivers/STM32F1xx_HAL_Driver/Src/stm32f1xx_hal_uart.c.obj
 .text.UART_Transmit_IT
                0x000000000800366a       0xaa CMakeFiles/usbMbeeHost.elf.dir/Drivers/STM32F1xx_HAL_Driver/Src/stm32f1xx_hal_uart.c.obj
 .text.UART_EndTransmit_IT
                0x0000000008003714       0x30 CMakeFiles/usbMbeeHost.elf.dir/Drivers/STM32F1xx_HAL_Driver/Src/stm32f1xx_hal_uart.c.obj
 .text.UART_Receive_IT
                0x0000000008003744      0x102 CMakeFiles/usbMbeeHost.elf.dir/Drivers/STM32F1xx_HAL_Driver/Src/stm32f1xx_hal_uart.c.obj
 *fill*         0x0000000008003846        0x2 
 .text.UART_SetConfig
                0x0000000008003848      0x1b4 CMakeFiles/usbMbeeHost.elf.dir/Drivers/STM32F1xx_HAL_Driver/Src/stm32f1xx_hal_uart.c.obj
 .text.USB_CoreInit
                0x00000000080039fc       0x90 CMakeFiles/usbMbeeHost.elf.dir/Drivers/STM32F1xx_HAL_Driver/Src/stm32f1xx_ll_usb.c.obj
                0x00000000080039fc                USB_CoreInit
 .text.USB_EnableGlobalInt
                0x0000000008003a8c       0x20 CMakeFiles/usbMbeeHost.elf.dir/Drivers/STM32F1xx_HAL_Driver/Src/stm32f1xx_ll_usb.c.obj
                0x0000000008003a8c                USB_EnableGlobalInt
 .text.USB_DisableGlobalInt
                0x0000000008003aac       0x20 CMakeFiles/usbMbeeHost.elf.dir/Drivers/STM32F1xx_HAL_Driver/Src/stm32f1xx_ll_usb.c.obj
                0x0000000008003aac                USB_DisableGlobalInt
 .text.USB_SetCurrentMode
                0x0000000008003acc       0x54 CMakeFiles/usbMbeeHost.elf.dir/Drivers/STM32F1xx_HAL_Driver/Src/stm32f1xx_ll_usb.c.obj
                0x0000000008003acc                USB_SetCurrentMode
 .text.USB_FlushTxFifo
                0x0000000008003b20       0x48 CMakeFiles/usbMbeeHost.elf.dir/Drivers/STM32F1xx_HAL_Driver/Src/stm32f1xx_ll_usb.c.obj
                0x0000000008003b20                USB_FlushTxFifo
 .text.USB_FlushRxFifo
                0x0000000008003b68       0x40 CMakeFiles/usbMbeeHost.elf.dir/Drivers/STM32F1xx_HAL_Driver/Src/stm32f1xx_ll_usb.c.obj
                0x0000000008003b68                USB_FlushRxFifo
 .text.USB_WritePacket
                0x0000000008003ba8       0x60 CMakeFiles/usbMbeeHost.elf.dir/Drivers/STM32F1xx_HAL_Driver/Src/stm32f1xx_ll_usb.c.obj
                0x0000000008003ba8                USB_WritePacket
 .text.USB_ReadPacket
                0x0000000008003c08       0x50 CMakeFiles/usbMbeeHost.elf.dir/Drivers/STM32F1xx_HAL_Driver/Src/stm32f1xx_ll_usb.c.obj
                0x0000000008003c08                USB_ReadPacket
 .text.USB_ReadInterrupts
                0x0000000008003c58       0x24 CMakeFiles/usbMbeeHost.elf.dir/Drivers/STM32F1xx_HAL_Driver/Src/stm32f1xx_ll_usb.c.obj
                0x0000000008003c58                USB_ReadInterrupts
 .text.USB_GetMode
                0x0000000008003c7c       0x1a CMakeFiles/usbMbeeHost.elf.dir/Drivers/STM32F1xx_HAL_Driver/Src/stm32f1xx_ll_usb.c.obj
                0x0000000008003c7c                USB_GetMode
 *fill*         0x0000000008003c96        0x2 
 .text.USB_CoreReset
                0x0000000008003c98       0x64 CMakeFiles/usbMbeeHost.elf.dir/Drivers/STM32F1xx_HAL_Driver/Src/stm32f1xx_ll_usb.c.obj
 .text.USB_HostInit
                0x0000000008003cfc       0xfc CMakeFiles/usbMbeeHost.elf.dir/Drivers/STM32F1xx_HAL_Driver/Src/stm32f1xx_ll_usb.c.obj
                0x0000000008003cfc                USB_HostInit
 .text.USB_InitFSLSPClkSel
                0x0000000008003df8       0x72 CMakeFiles/usbMbeeHost.elf.dir/Drivers/STM32F1xx_HAL_Driver/Src/stm32f1xx_ll_usb.c.obj
                0x0000000008003df8                USB_InitFSLSPClkSel
 .text.USB_ResetPort
                0x0000000008003e6a       0x54 CMakeFiles/usbMbeeHost.elf.dir/Drivers/STM32F1xx_HAL_Driver/Src/stm32f1xx_ll_usb.c.obj
                0x0000000008003e6a                USB_ResetPort
 .text.USB_DriveVbus
                0x0000000008003ebe       0x70 CMakeFiles/usbMbeeHost.elf.dir/Drivers/STM32F1xx_HAL_Driver/Src/stm32f1xx_ll_usb.c.obj
                0x0000000008003ebe                USB_DriveVbus
 .text.USB_GetHostSpeed
                0x0000000008003f2e       0x2c CMakeFiles/usbMbeeHost.elf.dir/Drivers/STM32F1xx_HAL_Driver/Src/stm32f1xx_ll_usb.c.obj
                0x0000000008003f2e                USB_GetHostSpeed
 .text.USB_GetCurrentFrame
                0x0000000008003f5a       0x20 CMakeFiles/usbMbeeHost.elf.dir/Drivers/STM32F1xx_HAL_Driver/Src/stm32f1xx_ll_usb.c.obj
                0x0000000008003f5a                USB_GetCurrentFrame
 *fill*         0x0000000008003f7a        0x2 
 .text.USB_HC_Init
                0x0000000008003f7c      0x1e4 CMakeFiles/usbMbeeHost.elf.dir/Drivers/STM32F1xx_HAL_Driver/Src/stm32f1xx_ll_usb.c.obj
                0x0000000008003f7c                USB_HC_Init
 .text.USB_HC_StartXfer
                0x0000000008004160      0x200 CMakeFiles/usbMbeeHost.elf.dir/Drivers/STM32F1xx_HAL_Driver/Src/stm32f1xx_ll_usb.c.obj
                0x0000000008004160                USB_HC_StartXfer
 .text.USB_HC_ReadInterrupt
                0x0000000008004360       0x20 CMakeFiles/usbMbeeHost.elf.dir/Drivers/STM32F1xx_HAL_Driver/Src/stm32f1xx_ll_usb.c.obj
                0x0000000008004360                USB_HC_ReadInterrupt
 .text.USB_HC_Halt
                0x0000000008004380      0x1fc CMakeFiles/usbMbeeHost.elf.dir/Drivers/STM32F1xx_HAL_Driver/Src/stm32f1xx_ll_usb.c.obj
                0x0000000008004380                USB_HC_Halt
 .text.USB_StopHost
                0x000000000800457c      0x10c CMakeFiles/usbMbeeHost.elf.dir/Drivers/STM32F1xx_HAL_Driver/Src/stm32f1xx_ll_usb.c.obj
                0x000000000800457c                USB_StopHost
 .text.USBH_CDC_InterfaceInit
                0x0000000008004688      0x324 CMakeFiles/usbMbeeHost.elf.dir/Middlewares/ST/STM32_USB_Host_Library/Class/CDC/Src/usbh_cdc.c.obj
 .text.USBH_CDC_InterfaceDeInit
                0x00000000080049ac       0xb2 CMakeFiles/usbMbeeHost.elf.dir/Middlewares/ST/STM32_USB_Host_Library/Class/CDC/Src/usbh_cdc.c.obj
 .text.USBH_CDC_ClassRequest
                0x0000000008004a5e       0x42 CMakeFiles/usbMbeeHost.elf.dir/Middlewares/ST/STM32_USB_Host_Library/Class/CDC/Src/usbh_cdc.c.obj
 .text.USBH_CDC_Process
                0x0000000008004aa0      0x12c CMakeFiles/usbMbeeHost.elf.dir/Middlewares/ST/STM32_USB_Host_Library/Class/CDC/Src/usbh_cdc.c.obj
 .text.USBH_CDC_SOFProcess
                0x0000000008004bcc       0x14 CMakeFiles/usbMbeeHost.elf.dir/Middlewares/ST/STM32_USB_Host_Library/Class/CDC/Src/usbh_cdc.c.obj
 .text.GetLineCoding
                0x0000000008004be0       0x3e CMakeFiles/usbMbeeHost.elf.dir/Middlewares/ST/STM32_USB_Host_Library/Class/CDC/Src/usbh_cdc.c.obj
 .text.SetLineCoding
                0x0000000008004c1e       0x3e CMakeFiles/usbMbeeHost.elf.dir/Middlewares/ST/STM32_USB_Host_Library/Class/CDC/Src/usbh_cdc.c.obj
 .text.USBH_CDC_SetLineCoding
                0x0000000008004c5c       0x38 CMakeFiles/usbMbeeHost.elf.dir/Middlewares/ST/STM32_USB_Host_Library/Class/CDC/Src/usbh_cdc.c.obj
                0x0000000008004c5c                USBH_CDC_SetLineCoding
 .text.USBH_CDC_GetLineCoding
                0x0000000008004c94       0x46 CMakeFiles/usbMbeeHost.elf.dir/Middlewares/ST/STM32_USB_Host_Library/Class/CDC/Src/usbh_cdc.c.obj
                0x0000000008004c94                USBH_CDC_GetLineCoding
 .text.USBH_CDC_Transmit
                0x0000000008004cda       0x5a CMakeFiles/usbMbeeHost.elf.dir/Middlewares/ST/STM32_USB_Host_Library/Class/CDC/Src/usbh_cdc.c.obj
                0x0000000008004cda                USBH_CDC_Transmit
 .text.USBH_CDC_Receive
                0x0000000008004d34       0x5a CMakeFiles/usbMbeeHost.elf.dir/Middlewares/ST/STM32_USB_Host_Library/Class/CDC/Src/usbh_cdc.c.obj
                0x0000000008004d34                USBH_CDC_Receive
 .text.CDC_ProcessTransmission
                0x0000000008004d8e       0xf0 CMakeFiles/usbMbeeHost.elf.dir/Middlewares/ST/STM32_USB_Host_Library/Class/CDC/Src/usbh_cdc.c.obj
 .text.CDC_ProcessReception
                0x0000000008004e7e       0xb6 CMakeFiles/usbMbeeHost.elf.dir/Middlewares/ST/STM32_USB_Host_Library/Class/CDC/Src/usbh_cdc.c.obj
 .text.USBH_CDC_LineCodingChanged
                0x0000000008004f34       0x12 CMakeFiles/usbMbeeHost.elf.dir/Middlewares/ST/STM32_USB_Host_Library/Class/CDC/Src/usbh_cdc.c.obj
                0x0000000008004f34                USBH_CDC_LineCodingChanged
 *fill*         0x0000000008004f46        0x2 
 .text.USBH_Init
                0x0000000008004f48       0x90 CMakeFiles/usbMbeeHost.elf.dir/Middlewares/ST/STM32_USB_Host_Library/Core/Src/usbh_core.c.obj
                0x0000000008004f48                USBH_Init
 .text.DeInitStateMachine
                0x0000000008004fd8       0x94 CMakeFiles/usbMbeeHost.elf.dir/Middlewares/ST/STM32_USB_Host_Library/Core/Src/usbh_core.c.obj
 .text.USBH_RegisterClass
                0x000000000800506c       0x84 CMakeFiles/usbMbeeHost.elf.dir/Middlewares/ST/STM32_USB_Host_Library/Core/Src/usbh_core.c.obj
                0x000000000800506c                USBH_RegisterClass
 .text.USBH_SelectInterface
                0x00000000080050f0       0xd0 CMakeFiles/usbMbeeHost.elf.dir/Middlewares/ST/STM32_USB_Host_Library/Core/Src/usbh_core.c.obj
                0x00000000080050f0                USBH_SelectInterface
 .text.USBH_FindInterface
                0x00000000080051c0       0x8a CMakeFiles/usbMbeeHost.elf.dir/Middlewares/ST/STM32_USB_Host_Library/Core/Src/usbh_core.c.obj
                0x00000000080051c0                USBH_FindInterface
 .text.USBH_Start
                0x000000000800524a       0x20 CMakeFiles/usbMbeeHost.elf.dir/Middlewares/ST/STM32_USB_Host_Library/Core/Src/usbh_core.c.obj
                0x000000000800524a                USBH_Start
 *fill*         0x000000000800526a        0x2 
 .text.USBH_Process
                0x000000000800526c      0x428 CMakeFiles/usbMbeeHost.elf.dir/Middlewares/ST/STM32_USB_Host_Library/Core/Src/usbh_core.c.obj
                0x000000000800526c                USBH_Process
 .text.USBH_HandleEnum
                0x0000000008005694      0x2f8 CMakeFiles/usbMbeeHost.elf.dir/Middlewares/ST/STM32_USB_Host_Library/Core/Src/usbh_core.c.obj
 .text.USBH_LL_SetTimer
                0x000000000800598c       0x1c CMakeFiles/usbMbeeHost.elf.dir/Middlewares/ST/STM32_USB_Host_Library/Core/Src/usbh_core.c.obj
                0x000000000800598c                USBH_LL_SetTimer
 .text.USBH_LL_IncTimer
                0x00000000080059a8       0x24 CMakeFiles/usbMbeeHost.elf.dir/Middlewares/ST/STM32_USB_Host_Library/Core/Src/usbh_core.c.obj
                0x00000000080059a8                USBH_LL_IncTimer
 .text.USBH_HandleSof
                0x00000000080059cc       0x30 CMakeFiles/usbMbeeHost.elf.dir/Middlewares/ST/STM32_USB_Host_Library/Core/Src/usbh_core.c.obj
 .text.USBH_LL_PortEnabled
                0x00000000080059fc       0x1a CMakeFiles/usbMbeeHost.elf.dir/Middlewares/ST/STM32_USB_Host_Library/Core/Src/usbh_core.c.obj
                0x00000000080059fc                USBH_LL_PortEnabled
 .text.USBH_LL_PortDisabled
                0x0000000008005a16       0x1a CMakeFiles/usbMbeeHost.elf.dir/Middlewares/ST/STM32_USB_Host_Library/Core/Src/usbh_core.c.obj
                0x0000000008005a16                USBH_LL_PortDisabled
 .text.USBH_LL_Connect
                0x0000000008005a30       0x2c CMakeFiles/usbMbeeHost.elf.dir/Middlewares/ST/STM32_USB_Host_Library/Core/Src/usbh_core.c.obj
                0x0000000008005a30                USBH_LL_Connect
 .text.USBH_LL_Disconnect
                0x0000000008005a5c       0x48 CMakeFiles/usbMbeeHost.elf.dir/Middlewares/ST/STM32_USB_Host_Library/Core/Src/usbh_core.c.obj
                0x0000000008005a5c                USBH_LL_Disconnect
 .text.USBH_Get_DevDesc
                0x0000000008005aa4       0x50 CMakeFiles/usbMbeeHost.elf.dir/Middlewares/ST/STM32_USB_Host_Library/Core/Src/usbh_ctlreq.c.obj
                0x0000000008005aa4                USBH_Get_DevDesc
 .text.USBH_Get_CfgDesc
                0x0000000008005af4       0x48 CMakeFiles/usbMbeeHost.elf.dir/Middlewares/ST/STM32_USB_Host_Library/Core/Src/usbh_ctlreq.c.obj
                0x0000000008005af4                USBH_Get_CfgDesc
 .text.USBH_Get_StringDesc
                0x0000000008005b3c       0x56 CMakeFiles/usbMbeeHost.elf.dir/Middlewares/ST/STM32_USB_Host_Library/Core/Src/usbh_ctlreq.c.obj
                0x0000000008005b3c                USBH_Get_StringDesc
 .text.USBH_GetDescriptor
                0x0000000008005b92       0x6a CMakeFiles/usbMbeeHost.elf.dir/Middlewares/ST/STM32_USB_Host_Library/Core/Src/usbh_ctlreq.c.obj
                0x0000000008005b92                USBH_GetDescriptor
 .text.USBH_SetAddress
                0x0000000008005bfc       0x48 CMakeFiles/usbMbeeHost.elf.dir/Middlewares/ST/STM32_USB_Host_Library/Core/Src/usbh_ctlreq.c.obj
                0x0000000008005bfc                USBH_SetAddress
 .text.USBH_SetCfg
                0x0000000008005c44       0x46 CMakeFiles/usbMbeeHost.elf.dir/Middlewares/ST/STM32_USB_Host_Library/Core/Src/usbh_ctlreq.c.obj
                0x0000000008005c44                USBH_SetCfg
 .text.USBH_SetFeature
                0x0000000008005c8a       0x48 CMakeFiles/usbMbeeHost.elf.dir/Middlewares/ST/STM32_USB_Host_Library/Core/Src/usbh_ctlreq.c.obj
                0x0000000008005c8a                USBH_SetFeature
 .text.USBH_ClrFeature
                0x0000000008005cd2       0x48 CMakeFiles/usbMbeeHost.elf.dir/Middlewares/ST/STM32_USB_Host_Library/Core/Src/usbh_ctlreq.c.obj
                0x0000000008005cd2                USBH_ClrFeature
 .text.USBH_ParseDevDesc
                0x0000000008005d1a       0xde CMakeFiles/usbMbeeHost.elf.dir/Middlewares/ST/STM32_USB_Host_Library/Core/Src/usbh_ctlreq.c.obj
 .text.USBH_ParseCfgDesc
                0x0000000008005df8      0x144 CMakeFiles/usbMbeeHost.elf.dir/Middlewares/ST/STM32_USB_Host_Library/Core/Src/usbh_ctlreq.c.obj
 .text.USBH_ParseInterfaceDesc
                0x0000000008005f3c       0x5c CMakeFiles/usbMbeeHost.elf.dir/Middlewares/ST/STM32_USB_Host_Library/Core/Src/usbh_ctlreq.c.obj
 .text.USBH_ParseEPDesc
                0x0000000008005f98       0x58 CMakeFiles/usbMbeeHost.elf.dir/Middlewares/ST/STM32_USB_Host_Library/Core/Src/usbh_ctlreq.c.obj
 .text.USBH_ParseStringDesc
                0x0000000008005ff0       0x64 CMakeFiles/usbMbeeHost.elf.dir/Middlewares/ST/STM32_USB_Host_Library/Core/Src/usbh_ctlreq.c.obj
 .text.USBH_GetNextDesc
                0x0000000008006054       0x34 CMakeFiles/usbMbeeHost.elf.dir/Middlewares/ST/STM32_USB_Host_Library/Core/Src/usbh_ctlreq.c.obj
                0x0000000008006054                USBH_GetNextDesc
 .text.USBH_CtlReq
                0x0000000008006088       0x94 CMakeFiles/usbMbeeHost.elf.dir/Middlewares/ST/STM32_USB_Host_Library/Core/Src/usbh_ctlreq.c.obj
                0x0000000008006088                USBH_CtlReq
 .text.USBH_HandleControl
                0x000000000800611c      0x2f0 CMakeFiles/usbMbeeHost.elf.dir/Middlewares/ST/STM32_USB_Host_Library/Core/Src/usbh_ctlreq.c.obj
 .text.USBH_CtlSendSetup
                0x000000000800640c       0x34 CMakeFiles/usbMbeeHost.elf.dir/Middlewares/ST/STM32_USB_Host_Library/Core/Src/usbh_ioreq.c.obj
                0x000000000800640c                USBH_CtlSendSetup
 .text.USBH_CtlSendData
                0x0000000008006440       0x4a CMakeFiles/usbMbeeHost.elf.dir/Middlewares/ST/STM32_USB_Host_Library/Core/Src/usbh_ioreq.c.obj
                0x0000000008006440                USBH_CtlSendData
 .text.USBH_CtlReceiveData
                0x000000000800648a       0x3c CMakeFiles/usbMbeeHost.elf.dir/Middlewares/ST/STM32_USB_Host_Library/Core/Src/usbh_ioreq.c.obj
                0x000000000800648a                USBH_CtlReceiveData
 .text.USBH_BulkSendData
                0x00000000080064c6       0x4a CMakeFiles/usbMbeeHost.elf.dir/Middlewares/ST/STM32_USB_Host_Library/Core/Src/usbh_ioreq.c.obj
                0x00000000080064c6                USBH_BulkSendData
 .text.USBH_BulkReceiveData
                0x0000000008006510       0x3c CMakeFiles/usbMbeeHost.elf.dir/Middlewares/ST/STM32_USB_Host_Library/Core/Src/usbh_ioreq.c.obj
                0x0000000008006510                USBH_BulkReceiveData
 .text.USBH_OpenPipe
                0x000000000800654c       0x3e CMakeFiles/usbMbeeHost.elf.dir/Middlewares/ST/STM32_USB_Host_Library/Core/Src/usbh_pipes.c.obj
                0x000000000800654c                USBH_OpenPipe
 .text.USBH_ClosePipe
                0x000000000800658a       0x20 CMakeFiles/usbMbeeHost.elf.dir/Middlewares/ST/STM32_USB_Host_Library/Core/Src/usbh_pipes.c.obj
                0x000000000800658a                USBH_ClosePipe
 .text.USBH_AllocPipe
                0x00000000080065aa       0x40 CMakeFiles/usbMbeeHost.elf.dir/Middlewares/ST/STM32_USB_Host_Library/Core/Src/usbh_pipes.c.obj
                0x00000000080065aa                USBH_AllocPipe
 .text.USBH_FreePipe
                0x00000000080065ea       0x36 CMakeFiles/usbMbeeHost.elf.dir/Middlewares/ST/STM32_USB_Host_Library/Core/Src/usbh_pipes.c.obj
                0x00000000080065ea                USBH_FreePipe
 .text.USBH_GetFreePipe
                0x0000000008006620       0x44 CMakeFiles/usbMbeeHost.elf.dir/Middlewares/ST/STM32_USB_Host_Library/Core/Src/usbh_pipes.c.obj
 .text.main     0x0000000008006664       0x6c CMakeFiles/usbMbeeHost.elf.dir/Src/main.c.obj
                0x0000000008006664                main
 .text.SystemClock_Config
                0x00000000080066d0       0xd4 CMakeFiles/usbMbeeHost.elf.dir/Src/main.c.obj
                0x00000000080066d0                SystemClock_Config
 .text.MX_USART2_UART_Init
                0x00000000080067a4       0x54 CMakeFiles/usbMbeeHost.elf.dir/Src/main.c.obj
 .text.MX_USART3_UART_Init
                0x00000000080067f8       0x54 CMakeFiles/usbMbeeHost.elf.dir/Src/main.c.obj
 .text.MX_GPIO_Init
                0x000000000800684c       0xd8 CMakeFiles/usbMbeeHost.elf.dir/Src/main.c.obj
 .text.HAL_UART_RxCpltCallback
                0x0000000008006924       0x78 CMakeFiles/usbMbeeHost.elf.dir/Src/main.c.obj
                0x0000000008006924                HAL_UART_RxCpltCallback
 .text.MySetLineCoding
                0x000000000800699c       0x5c CMakeFiles/usbMbeeHost.elf.dir/Src/main.c.obj
                0x000000000800699c                MySetLineCoding
 .text.Mbee_Application
                0x00000000080069f8       0x28 CMakeFiles/usbMbeeHost.elf.dir/Src/main.c.obj
                0x00000000080069f8                Mbee_Application
 .text.USBH_CDC_TransmitCallback
                0x0000000008006a20       0x30 CMakeFiles/usbMbeeHost.elf.dir/Src/main.c.obj
                0x0000000008006a20                USBH_CDC_TransmitCallback
 .text.USBH_CDC_ReceiveCallback
                0x0000000008006a50       0x48 CMakeFiles/usbMbeeHost.elf.dir/Src/main.c.obj
                0x0000000008006a50                USBH_CDC_ReceiveCallback
 .text.Error_Handler
                0x0000000008006a98        0xc CMakeFiles/usbMbeeHost.elf.dir/Src/main.c.obj
                0x0000000008006a98                Error_Handler
 .text.HAL_MspInit
                0x0000000008006aa4       0x74 CMakeFiles/usbMbeeHost.elf.dir/Src/stm32f1xx_hal_msp.c.obj
                0x0000000008006aa4                HAL_MspInit
 .text.HAL_UART_MspInit
                0x0000000008006b18      0x12c CMakeFiles/usbMbeeHost.elf.dir/Src/stm32f1xx_hal_msp.c.obj
                0x0000000008006b18                HAL_UART_MspInit
 .text.NMI_Handler
                0x0000000008006c44        0xc CMakeFiles/usbMbeeHost.elf.dir/Src/stm32f1xx_it.c.obj
                0x0000000008006c44                NMI_Handler
 .text.HardFault_Handler
                0x0000000008006c50        0x6 CMakeFiles/usbMbeeHost.elf.dir/Src/stm32f1xx_it.c.obj
                0x0000000008006c50                HardFault_Handler
 .text.MemManage_Handler
                0x0000000008006c56        0x6 CMakeFiles/usbMbeeHost.elf.dir/Src/stm32f1xx_it.c.obj
                0x0000000008006c56                MemManage_Handler
 .text.BusFault_Handler
                0x0000000008006c5c        0x6 CMakeFiles/usbMbeeHost.elf.dir/Src/stm32f1xx_it.c.obj
                0x0000000008006c5c                BusFault_Handler
 .text.UsageFault_Handler
                0x0000000008006c62        0x6 CMakeFiles/usbMbeeHost.elf.dir/Src/stm32f1xx_it.c.obj
                0x0000000008006c62                UsageFault_Handler
 .text.SVC_Handler
                0x0000000008006c68        0xc CMakeFiles/usbMbeeHost.elf.dir/Src/stm32f1xx_it.c.obj
                0x0000000008006c68                SVC_Handler
 .text.DebugMon_Handler
                0x0000000008006c74        0xc CMakeFiles/usbMbeeHost.elf.dir/Src/stm32f1xx_it.c.obj
                0x0000000008006c74                DebugMon_Handler
 .text.PendSV_Handler
                0x0000000008006c80        0xc CMakeFiles/usbMbeeHost.elf.dir/Src/stm32f1xx_it.c.obj
                0x0000000008006c80                PendSV_Handler
 .text.SysTick_Handler
                0x0000000008006c8c        0xc CMakeFiles/usbMbeeHost.elf.dir/Src/stm32f1xx_it.c.obj
                0x0000000008006c8c                SysTick_Handler
 .text.RCC_IRQHandler
                0x0000000008006c98        0xc CMakeFiles/usbMbeeHost.elf.dir/Src/stm32f1xx_it.c.obj
                0x0000000008006c98                RCC_IRQHandler
 .text.USART2_IRQHandler
                0x0000000008006ca4       0x14 CMakeFiles/usbMbeeHost.elf.dir/Src/stm32f1xx_it.c.obj
                0x0000000008006ca4                USART2_IRQHandler
 .text.USART3_IRQHandler
                0x0000000008006cb8       0x14 CMakeFiles/usbMbeeHost.elf.dir/Src/stm32f1xx_it.c.obj
                0x0000000008006cb8                USART3_IRQHandler
 .text.OTG_FS_IRQHandler
                0x0000000008006ccc       0x14 CMakeFiles/usbMbeeHost.elf.dir/Src/stm32f1xx_it.c.obj
                0x0000000008006ccc                OTG_FS_IRQHandler
 .text._read    0x0000000008006ce0       0x3a CMakeFiles/usbMbeeHost.elf.dir/Src/syscalls.c.obj
                0x0000000008006ce0                _read
 .text._write   0x0000000008006d1a       0x38 CMakeFiles/usbMbeeHost.elf.dir/Src/syscalls.c.obj
                0x0000000008006d1a                _write
 *fill*         0x0000000008006d52        0x2 
 .text._sbrk    0x0000000008006d54       0x58 CMakeFiles/usbMbeeHost.elf.dir/Src/syscalls.c.obj
                0x0000000008006d54                _sbrk
 .text._close   0x0000000008006dac       0x16 CMakeFiles/usbMbeeHost.elf.dir/Src/syscalls.c.obj
                0x0000000008006dac                _close
 .text._fstat   0x0000000008006dc2       0x1e CMakeFiles/usbMbeeHost.elf.dir/Src/syscalls.c.obj
                0x0000000008006dc2                _fstat
 .text._isatty  0x0000000008006de0       0x14 CMakeFiles/usbMbeeHost.elf.dir/Src/syscalls.c.obj
                0x0000000008006de0                _isatty
 .text._lseek   0x0000000008006df4       0x18 CMakeFiles/usbMbeeHost.elf.dir/Src/syscalls.c.obj
                0x0000000008006df4                _lseek
 .text.SystemInit
                0x0000000008006e0c       0x7c CMakeFiles/usbMbeeHost.elf.dir/Src/system_stm32f1xx.c.obj
                0x0000000008006e0c                SystemInit
 .text.MX_USB_HOST_Init
                0x0000000008006e88       0x4c CMakeFiles/usbMbeeHost.elf.dir/Src/usb_host.c.obj
                0x0000000008006e88                MX_USB_HOST_Init
 .text.MX_USB_HOST_Process
                0x0000000008006ed4       0x14 CMakeFiles/usbMbeeHost.elf.dir/Src/usb_host.c.obj
                0x0000000008006ed4                MX_USB_HOST_Process
 .text.USBH_UserProcess
                0x0000000008006ee8       0x58 CMakeFiles/usbMbeeHost.elf.dir/Src/usb_host.c.obj
 .text.HAL_HCD_PortEnabled_Callback
                0x0000000008006f40       0x1c CMakeFiles/usbMbeeHost.elf.dir/Src/usbh_conf.c.obj
                0x0000000008006f40                HAL_HCD_PortEnabled_Callback
 .text.HAL_HCD_PortDisabled_Callback
                0x0000000008006f5c       0x1c CMakeFiles/usbMbeeHost.elf.dir/Src/usbh_conf.c.obj
                0x0000000008006f5c                HAL_HCD_PortDisabled_Callback
 .text.HAL_HCD_MspInit
                0x0000000008006f78       0x8c CMakeFiles/usbMbeeHost.elf.dir/Src/usbh_conf.c.obj
                0x0000000008006f78                HAL_HCD_MspInit
 .text.HAL_HCD_SOF_Callback
                0x0000000008007004       0x1c CMakeFiles/usbMbeeHost.elf.dir/Src/usbh_conf.c.obj
                0x0000000008007004                HAL_HCD_SOF_Callback
 .text.HAL_HCD_Connect_Callback
                0x0000000008007020       0x1c CMakeFiles/usbMbeeHost.elf.dir/Src/usbh_conf.c.obj
                0x0000000008007020                HAL_HCD_Connect_Callback
 .text.HAL_HCD_Disconnect_Callback
                0x000000000800703c       0x1c CMakeFiles/usbMbeeHost.elf.dir/Src/usbh_conf.c.obj
                0x000000000800703c                HAL_HCD_Disconnect_Callback
 .text.HAL_HCD_HC_NotifyURBChange_Callback
                0x0000000008007058       0x1a CMakeFiles/usbMbeeHost.elf.dir/Src/usbh_conf.c.obj
                0x0000000008007058                HAL_HCD_HC_NotifyURBChange_Callback
 *fill*         0x0000000008007072        0x2 
 .text.USBH_LL_Init
                0x0000000008007074       0x6c CMakeFiles/usbMbeeHost.elf.dir/Src/usbh_conf.c.obj
                0x0000000008007074                USBH_LL_Init
 .text.USBH_LL_Start
                0x00000000080070e0       0x36 CMakeFiles/usbMbeeHost.elf.dir/Src/usbh_conf.c.obj
                0x00000000080070e0                USBH_LL_Start
 .text.USBH_LL_Stop
                0x0000000008007116       0x36 CMakeFiles/usbMbeeHost.elf.dir/Src/usbh_conf.c.obj
                0x0000000008007116                USBH_LL_Stop
 .text.USBH_LL_GetSpeed
                0x000000000800714c       0x4a CMakeFiles/usbMbeeHost.elf.dir/Src/usbh_conf.c.obj
                0x000000000800714c                USBH_LL_GetSpeed
 .text.USBH_LL_ResetPort
                0x0000000008007196       0x36 CMakeFiles/usbMbeeHost.elf.dir/Src/usbh_conf.c.obj
                0x0000000008007196                USBH_LL_ResetPort
 .text.USBH_LL_GetLastXferSize
                0x00000000080071cc       0x26 CMakeFiles/usbMbeeHost.elf.dir/Src/usbh_conf.c.obj
                0x00000000080071cc                USBH_LL_GetLastXferSize
 .text.USBH_LL_OpenPipe
                0x00000000080071f2       0x5e CMakeFiles/usbMbeeHost.elf.dir/Src/usbh_conf.c.obj
                0x00000000080071f2                USBH_LL_OpenPipe
 .text.USBH_LL_ClosePipe
                0x0000000008007250       0x3e CMakeFiles/usbMbeeHost.elf.dir/Src/usbh_conf.c.obj
                0x0000000008007250                USBH_LL_ClosePipe
 .text.USBH_LL_SubmitURB
                0x000000000800728e       0x62 CMakeFiles/usbMbeeHost.elf.dir/Src/usbh_conf.c.obj
                0x000000000800728e                USBH_LL_SubmitURB
 .text.USBH_LL_GetURBState
                0x00000000080072f0       0x26 CMakeFiles/usbMbeeHost.elf.dir/Src/usbh_conf.c.obj
                0x00000000080072f0                USBH_LL_GetURBState
 .text.USBH_LL_DriverVBUS
                0x0000000008007316       0x34 CMakeFiles/usbMbeeHost.elf.dir/Src/usbh_conf.c.obj
                0x0000000008007316                USBH_LL_DriverVBUS
 .text.USBH_LL_SetToggle
                0x000000000800734a       0x64 CMakeFiles/usbMbeeHost.elf.dir/Src/usbh_conf.c.obj
                0x000000000800734a                USBH_LL_SetToggle
 .text.USBH_Delay
                0x00000000080073ae       0x16 CMakeFiles/usbMbeeHost.elf.dir/Src/usbh_conf.c.obj
                0x00000000080073ae                USBH_Delay
 .text.USBH_Get_USB_Status
                0x00000000080073c4       0x58 CMakeFiles/usbMbeeHost.elf.dir/Src/usbh_conf.c.obj
                0x00000000080073c4                USBH_Get_USB_Status
 .text.MX_DriverVbusFS
                0x000000000800741c       0x38 CMakeFiles/usbMbeeHost.elf.dir/Src/usbh_platform.c.obj
                0x000000000800741c                MX_DriverVbusFS
 .text.Reset_Handler
                0x0000000008007454       0x44 CMakeFiles/usbMbeeHost.elf.dir/startup/startup_stm32f105xc.s.obj
                0x0000000008007454                Reset_Handler
 .text.Default_Handler
                0x0000000008007498        0x2 CMakeFiles/usbMbeeHost.elf.dir/startup/startup_stm32f105xc.s.obj
                0x0000000008007498                DMA2_Channel3_IRQHandler
                0x0000000008007498                EXTI2_IRQHandler
                0x0000000008007498                TIM1_CC_IRQHandler
                0x0000000008007498                TIM6_IRQHandler
                0x0000000008007498                PVD_IRQHandler
                0x0000000008007498                CAN2_RX1_IRQHandler
                0x0000000008007498                EXTI3_IRQHandler
                0x0000000008007498                EXTI0_IRQHandler
                0x0000000008007498                I2C2_EV_IRQHandler
                0x0000000008007498                CAN1_RX0_IRQHandler
                0x0000000008007498                CAN2_SCE_IRQHandler
                0x0000000008007498                ADC1_2_IRQHandler
                0x0000000008007498                SPI1_IRQHandler
                0x0000000008007498                TAMPER_IRQHandler
                0x0000000008007498                CAN2_RX0_IRQHandler
                0x0000000008007498                DMA2_Channel2_IRQHandler
                0x0000000008007498                DMA1_Channel4_IRQHandler
                0x0000000008007498                RTC_IRQHandler
                0x0000000008007498                DMA1_Channel7_IRQHandler
                0x0000000008007498                CAN1_RX1_IRQHandler
                0x0000000008007498                UART5_IRQHandler
                0x0000000008007498                TIM4_IRQHandler
                0x0000000008007498                DMA2_Channel1_IRQHandler
                0x0000000008007498                I2C1_EV_IRQHandler
                0x0000000008007498                DMA1_Channel6_IRQHandler
                0x0000000008007498                UART4_IRQHandler
                0x0000000008007498                DMA2_Channel4_IRQHandler
                0x0000000008007498                TIM3_IRQHandler
                0x0000000008007498                TIM1_TRG_COM_IRQHandler
                0x0000000008007498                DMA1_Channel1_IRQHandler
                0x0000000008007498                Default_Handler
                0x0000000008007498                EXTI15_10_IRQHandler
                0x0000000008007498                TIM7_IRQHandler
                0x0000000008007498                CAN2_TX_IRQHandler
                0x0000000008007498                TIM5_IRQHandler
                0x0000000008007498                EXTI9_5_IRQHandler
                0x0000000008007498                SPI2_IRQHandler
                0x0000000008007498                CAN1_TX_IRQHandler
                0x0000000008007498                DMA2_Channel5_IRQHandler
                0x0000000008007498                DMA1_Channel5_IRQHandler
                0x0000000008007498                EXTI4_IRQHandler
                0x0000000008007498                DMA1_Channel3_IRQHandler
                0x0000000008007498                TIM1_UP_IRQHandler
                0x0000000008007498                WWDG_IRQHandler
                0x0000000008007498                TIM2_IRQHandler
                0x0000000008007498                OTG_FS_WKUP_IRQHandler
                0x0000000008007498                TIM1_BRK_IRQHandler
                0x0000000008007498                EXTI1_IRQHandler
                0x0000000008007498                I2C2_ER_IRQHandler
                0x0000000008007498                DMA1_Channel2_IRQHandler
                0x0000000008007498                CAN1_SCE_IRQHandler
                0x0000000008007498                FLASH_IRQHandler
                0x0000000008007498                USART1_IRQHandler
                0x0000000008007498                SPI3_IRQHandler
                0x0000000008007498                I2C1_ER_IRQHandler
                0x0000000008007498                RTC_Alarm_IRQHandler
 *fill*         0x000000000800749a        0x2 
 .text.__errno  0x000000000800749c        0xc /usr/local/gcc_arm/gcc-arm-none-eabi-8-2019-q3-update/bin/../lib/gcc/arm-none-eabi/8.3.1/../../../../arm-none-eabi/lib/thumb/v7-m/nofp/libg_nano.a(lib_a-errno.o)
                0x000000000800749c                __errno
 .text.malloc   0x00000000080074a8       0x10 /usr/local/gcc_arm/gcc-arm-none-eabi-8-2019-q3-update/bin/../lib/gcc/arm-none-eabi/8.3.1/../../../../arm-none-eabi/lib/thumb/v7-m/nofp/libg_nano.a(lib_a-malloc.o)
                0x00000000080074a8                malloc
 .text.free     0x00000000080074b8       0x10 /usr/local/gcc_arm/gcc-arm-none-eabi-8-2019-q3-update/bin/../lib/gcc/arm-none-eabi/8.3.1/../../../../arm-none-eabi/lib/thumb/v7-m/nofp/libg_nano.a(lib_a-malloc.o)
                0x00000000080074b8                free
 .text.memset   0x00000000080074c8       0x10 /usr/local/gcc_arm/gcc-arm-none-eabi-8-2019-q3-update/bin/../lib/gcc/arm-none-eabi/8.3.1/../../../../arm-none-eabi/lib/thumb/v7-m/nofp/libg_nano.a(lib_a-memset.o)
                0x00000000080074c8                memset
 .text._free_r  0x00000000080074d8       0x98 /usr/local/gcc_arm/gcc-arm-none-eabi-8-2019-q3-update/bin/../lib/gcc/arm-none-eabi/8.3.1/../../../../arm-none-eabi/lib/thumb/v7-m/nofp/libg_nano.a(lib_a-nano-freer.o)
                0x00000000080074d8                _free_r
 .text._malloc_r
                0x0000000008007570       0xb4 /usr/local/gcc_arm/gcc-arm-none-eabi-8-2019-q3-update/bin/../lib/gcc/arm-none-eabi/8.3.1/../../../../arm-none-eabi/lib/thumb/v7-m/nofp/libg_nano.a(lib_a-nano-mallocr.o)
                0x0000000008007570                _malloc_r
 .text.printf   0x0000000008007624       0x30 /usr/local/gcc_arm/gcc-arm-none-eabi-8-2019-q3-update/bin/../lib/gcc/arm-none-eabi/8.3.1/../../../../arm-none-eabi/lib/thumb/v7-m/nofp/libg_nano.a(lib_a-printf.o)
                0x0000000008007624                printf
                0x0000000008007624                iprintf
 .text.putchar  0x0000000008007654       0x28 /usr/local/gcc_arm/gcc-arm-none-eabi-8-2019-q3-update/bin/../lib/gcc/arm-none-eabi/8.3.1/../../../../arm-none-eabi/lib/thumb/v7-m/nofp/libg_nano.a(lib_a-putchar.o)
                0x0000000008007654                putchar
 .text._sbrk_r  0x000000000800767c       0x20 /usr/local/gcc_arm/gcc-arm-none-eabi-8-2019-q3-update/bin/../lib/gcc/arm-none-eabi/8.3.1/../../../../arm-none-eabi/lib/thumb/v7-m/nofp/libg_nano.a(lib_a-sbrkr.o)
                0x000000000800767c                _sbrk_r
 .text.std      0x000000000800769c       0x48 /usr/local/gcc_arm/gcc-arm-none-eabi-8-2019-q3-update/bin/../lib/gcc/arm-none-eabi/8.3.1/../../../../arm-none-eabi/lib/thumb/v7-m/nofp/libg_nano.a(lib_a-findfp.o)
 .text._cleanup_r
                0x00000000080076e4        0xc /usr/local/gcc_arm/gcc-arm-none-eabi-8-2019-q3-update/bin/../lib/gcc/arm-none-eabi/8.3.1/../../../../arm-none-eabi/lib/thumb/v7-m/nofp/libg_nano.a(lib_a-findfp.o)
                0x00000000080076e4                _cleanup_r
 .text.__sfmoreglue
                0x00000000080076f0       0x2c /usr/local/gcc_arm/gcc-arm-none-eabi-8-2019-q3-update/bin/../lib/gcc/arm-none-eabi/8.3.1/../../../../arm-none-eabi/lib/thumb/v7-m/nofp/libg_nano.a(lib_a-findfp.o)
                0x00000000080076f0                __sfmoreglue
 .text.__sfp_lock_acquire
                0x000000000800771c        0xc /usr/local/gcc_arm/gcc-arm-none-eabi-8-2019-q3-update/bin/../lib/gcc/arm-none-eabi/8.3.1/../../../../arm-none-eabi/lib/thumb/v7-m/nofp/libg_nano.a(lib_a-findfp.o)
                0x000000000800771c                __sfp_lock_acquire
 .text.__sfp_lock_release
                0x0000000008007728        0xc /usr/local/gcc_arm/gcc-arm-none-eabi-8-2019-q3-update/bin/../lib/gcc/arm-none-eabi/8.3.1/../../../../arm-none-eabi/lib/thumb/v7-m/nofp/libg_nano.a(lib_a-findfp.o)
                0x0000000008007728                __sfp_lock_release
 .text.__sinit_lock_acquire
                0x0000000008007734        0xc /usr/local/gcc_arm/gcc-arm-none-eabi-8-2019-q3-update/bin/../lib/gcc/arm-none-eabi/8.3.1/../../../../arm-none-eabi/lib/thumb/v7-m/nofp/libg_nano.a(lib_a-findfp.o)
                0x0000000008007734                __sinit_lock_acquire
 .text.__sinit_lock_release
                0x0000000008007740        0xc /usr/local/gcc_arm/gcc-arm-none-eabi-8-2019-q3-update/bin/../lib/gcc/arm-none-eabi/8.3.1/../../../../arm-none-eabi/lib/thumb/v7-m/nofp/libg_nano.a(lib_a-findfp.o)
                0x0000000008007740                __sinit_lock_release
 .text.__sinit  0x000000000800774c       0x70 /usr/local/gcc_arm/gcc-arm-none-eabi-8-2019-q3-update/bin/../lib/gcc/arm-none-eabi/8.3.1/../../../../arm-none-eabi/lib/thumb/v7-m/nofp/libg_nano.a(lib_a-findfp.o)
                0x000000000800774c                __sinit
 .text.__sfp    0x00000000080077bc       0x8c /usr/local/gcc_arm/gcc-arm-none-eabi-8-2019-q3-update/bin/../lib/gcc/arm-none-eabi/8.3.1/../../../../arm-none-eabi/lib/thumb/v7-m/nofp/libg_nano.a(lib_a-findfp.o)
                0x00000000080077bc                __sfp
 .text._fwalk_reent
                0x0000000008007848       0x3c /usr/local/gcc_arm/gcc-arm-none-eabi-8-2019-q3-update/bin/../lib/gcc/arm-none-eabi/8.3.1/../../../../arm-none-eabi/lib/thumb/v7-m/nofp/libg_nano.a(lib_a-fwalk.o)
                0x0000000008007848                _fwalk_reent
 .text.__retarget_lock_init_recursive
                0x0000000008007884        0x2 /usr/local/gcc_arm/gcc-arm-none-eabi-8-2019-q3-update/bin/../lib/gcc/arm-none-eabi/8.3.1/../../../../arm-none-eabi/lib/thumb/v7-m/nofp/libg_nano.a(lib_a-lock.o)
                0x0000000008007884                __retarget_lock_init_recursive
 .text.__retarget_lock_acquire_recursive
                0x0000000008007886        0x2 /usr/local/gcc_arm/gcc-arm-none-eabi-8-2019-q3-update/bin/../lib/gcc/arm-none-eabi/8.3.1/../../../../arm-none-eabi/lib/thumb/v7-m/nofp/libg_nano.a(lib_a-lock.o)
                0x0000000008007886                __retarget_lock_acquire_recursive
 .text.__retarget_lock_release_recursive
                0x0000000008007888        0x2 /usr/local/gcc_arm/gcc-arm-none-eabi-8-2019-q3-update/bin/../lib/gcc/arm-none-eabi/8.3.1/../../../../arm-none-eabi/lib/thumb/v7-m/nofp/libg_nano.a(lib_a-lock.o)
                0x0000000008007888                __retarget_lock_release_recursive
 *fill*         0x000000000800788a        0x2 
 .text.__malloc_lock
                0x000000000800788c        0xc /usr/local/gcc_arm/gcc-arm-none-eabi-8-2019-q3-update/bin/../lib/gcc/arm-none-eabi/8.3.1/../../../../arm-none-eabi/lib/thumb/v7-m/nofp/libg_nano.a(lib_a-mlock.o)
                0x000000000800788c                __malloc_lock
 .text.__malloc_unlock
                0x0000000008007898        0xc /usr/local/gcc_arm/gcc-arm-none-eabi-8-2019-q3-update/bin/../lib/gcc/arm-none-eabi/8.3.1/../../../../arm-none-eabi/lib/thumb/v7-m/nofp/libg_nano.a(lib_a-mlock.o)
                0x0000000008007898                __malloc_unlock
 .text.__sfputc_r
                0x00000000080078a4       0x2a /usr/local/gcc_arm/gcc-arm-none-eabi-8-2019-q3-update/bin/../lib/gcc/arm-none-eabi/8.3.1/../../../../arm-none-eabi/lib/thumb/v7-m/nofp/libg_nano.a(lib_a-nano-vfprintf.o)
 .text.__sfputs_r
                0x00000000080078ce       0x24 /usr/local/gcc_arm/gcc-arm-none-eabi-8-2019-q3-update/bin/../lib/gcc/arm-none-eabi/8.3.1/../../../../arm-none-eabi/lib/thumb/v7-m/nofp/libg_nano.a(lib_a-nano-vfprintf.o)
                0x00000000080078ce                __sfputs_r
 *fill*         0x00000000080078f2        0x2 
 .text._vfprintf_r
                0x00000000080078f4      0x250 /usr/local/gcc_arm/gcc-arm-none-eabi-8-2019-q3-update/bin/../lib/gcc/arm-none-eabi/8.3.1/../../../../arm-none-eabi/lib/thumb/v7-m/nofp/libg_nano.a(lib_a-nano-vfprintf.o)
                0x00000000080078f4                _vfiprintf_r
                0x00000000080078f4                _vfprintf_r
 .text._printf_common
                0x0000000008007b44       0xec /usr/local/gcc_arm/gcc-arm-none-eabi-8-2019-q3-update/bin/../lib/gcc/arm-none-eabi/8.3.1/../../../../arm-none-eabi/lib/thumb/v7-m/nofp/libg_nano.a(lib_a-nano-vfprintf_i.o)
                0x0000000008007b44                _printf_common
 .text._printf_i
                0x0000000008007c30      0x22c /usr/local/gcc_arm/gcc-arm-none-eabi-8-2019-q3-update/bin/../lib/gcc/arm-none-eabi/8.3.1/../../../../arm-none-eabi/lib/thumb/v7-m/nofp/libg_nano.a(lib_a-nano-vfprintf_i.o)
                0x0000000008007c30                _printf_i
 .text._putc_r  0x0000000008007e5c       0x90 /usr/local/gcc_arm/gcc-arm-none-eabi-8-2019-q3-update/bin/../lib/gcc/arm-none-eabi/8.3.1/../../../../arm-none-eabi/lib/thumb/v7-m/nofp/libg_nano.a(lib_a-putc.o)
                0x0000000008007e5c                _putc_r
 .text.__sread  0x0000000008007eec       0x22 /usr/local/gcc_arm/gcc-arm-none-eabi-8-2019-q3-update/bin/../lib/gcc/arm-none-eabi/8.3.1/../../../../arm-none-eabi/lib/thumb/v7-m/nofp/libg_nano.a(lib_a-stdio.o)
                0x0000000008007eec                __sread
 .text.__swrite
                0x0000000008007f0e       0x38 /usr/local/gcc_arm/gcc-arm-none-eabi-8-2019-q3-update/bin/../lib/gcc/arm-none-eabi/8.3.1/../../../../arm-none-eabi/lib/thumb/v7-m/nofp/libg_nano.a(lib_a-stdio.o)
                0x0000000008007f0e                __swrite
 .text.__sseek  0x0000000008007f46       0x24 /usr/local/gcc_arm/gcc-arm-none-eabi-8-2019-q3-update/bin/../lib/gcc/arm-none-eabi/8.3.1/../../../../arm-none-eabi/lib/thumb/v7-m/nofp/libg_nano.a(lib_a-stdio.o)
                0x0000000008007f46                __sseek
 .text.__sclose
                0x0000000008007f6a        0x8 /usr/local/gcc_arm/gcc-arm-none-eabi-8-2019-q3-update/bin/../lib/gcc/arm-none-eabi/8.3.1/../../../../arm-none-eabi/lib/thumb/v7-m/nofp/libg_nano.a(lib_a-stdio.o)
                0x0000000008007f6a                __sclose
 *fill*         0x0000000008007f72        0x2 
 .text.__swbuf_r
                0x0000000008007f74       0xa4 /usr/local/gcc_arm/gcc-arm-none-eabi-8-2019-q3-update/bin/../lib/gcc/arm-none-eabi/8.3.1/../../../../arm-none-eabi/lib/thumb/v7-m/nofp/libg_nano.a(lib_a-wbuf.o)
                0x0000000008007f74                __swbuf_r
 .text._write_r
                0x0000000008008018       0x24 /usr/local/gcc_arm/gcc-arm-none-eabi-8-2019-q3-update/bin/../lib/gcc/arm-none-eabi/8.3.1/../../../../arm-none-eabi/lib/thumb/v7-m/nofp/libg_nano.a(lib_a-writer.o)
                0x0000000008008018                _write_r
 .text.__swsetup_r
                0x000000000800803c       0xdc /usr/local/gcc_arm/gcc-arm-none-eabi-8-2019-q3-update/bin/../lib/gcc/arm-none-eabi/8.3.1/../../../../arm-none-eabi/lib/thumb/v7-m/nofp/libg_nano.a(lib_a-wsetup.o)
                0x000000000800803c                __swsetup_r
 .text._close_r
                0x0000000008008118       0x20 /usr/local/gcc_arm/gcc-arm-none-eabi-8-2019-q3-update/bin/../lib/gcc/arm-none-eabi/8.3.1/../../../../arm-none-eabi/lib/thumb/v7-m/nofp/libg_nano.a(lib_a-closer.o)
                0x0000000008008118                _close_r
 .text.__sflush_r
                0x0000000008008138      0x10c /usr/local/gcc_arm/gcc-arm-none-eabi-8-2019-q3-update/bin/../lib/gcc/arm-none-eabi/8.3.1/../../../../arm-none-eabi/lib/thumb/v7-m/nofp/libg_nano.a(lib_a-fflush.o)
                0x0000000008008138                __sflush_r
 .text._fflush_r
                0x0000000008008244       0x78 /usr/local/gcc_arm/gcc-arm-none-eabi-8-2019-q3-update/bin/../lib/gcc/arm-none-eabi/8.3.1/../../../../arm-none-eabi/lib/thumb/v7-m/nofp/libg_nano.a(lib_a-fflush.o)
                0x0000000008008244                _fflush_r
 .text._lseek_r
                0x00000000080082bc       0x24 /usr/local/gcc_arm/gcc-arm-none-eabi-8-2019-q3-update/bin/../lib/gcc/arm-none-eabi/8.3.1/../../../../arm-none-eabi/lib/thumb/v7-m/nofp/libg_nano.a(lib_a-lseekr.o)
                0x00000000080082bc                _lseek_r
 .text.__swhatbuf_r
                0x00000000080082e0       0x48 /usr/local/gcc_arm/gcc-arm-none-eabi-8-2019-q3-update/bin/../lib/gcc/arm-none-eabi/8.3.1/../../../../arm-none-eabi/lib/thumb/v7-m/nofp/libg_nano.a(lib_a-makebuf.o)
                0x00000000080082e0                __swhatbuf_r
 .text.__smakebuf_r
                0x0000000008008328       0x80 /usr/local/gcc_arm/gcc-arm-none-eabi-8-2019-q3-update/bin/../lib/gcc/arm-none-eabi/8.3.1/../../../../arm-none-eabi/lib/thumb/v7-m/nofp/libg_nano.a(lib_a-makebuf.o)
                0x0000000008008328                __smakebuf_r
 .text.memchr   0x00000000080083a8       0x1c /usr/local/gcc_arm/gcc-arm-none-eabi-8-2019-q3-update/bin/../lib/gcc/arm-none-eabi/8.3.1/../../../../arm-none-eabi/lib/thumb/v7-m/nofp/libg_nano.a(lib_a-memchr-stub.o)
                0x00000000080083a8                memchr
 .text._read_r  0x00000000080083c4       0x24 /usr/local/gcc_arm/gcc-arm-none-eabi-8-2019-q3-update/bin/../lib/gcc/arm-none-eabi/8.3.1/../../../../arm-none-eabi/lib/thumb/v7-m/nofp/libg_nano.a(lib_a-readr.o)
                0x00000000080083c4                _read_r
 .text._fstat_r
                0x00000000080083e8       0x24 /usr/local/gcc_arm/gcc-arm-none-eabi-8-2019-q3-update/bin/../lib/gcc/arm-none-eabi/8.3.1/../../../../arm-none-eabi/lib/thumb/v7-m/nofp/libg_nano.a(lib_a-fstatr.o)
                0x00000000080083e8                _fstat_r
 .text._isatty_r
                0x000000000800840c       0x20 /usr/local/gcc_arm/gcc-arm-none-eabi-8-2019-q3-update/bin/../lib/gcc/arm-none-eabi/8.3.1/../../../../arm-none-eabi/lib/thumb/v7-m/nofp/libg_nano.a(lib_a-isattyr.o)
                0x000000000800840c                _isatty_r
 *(.glue_7)
 .glue_7        0x000000000800842c        0x0 linker stubs
 *(.glue_7t)
 .glue_7t       0x000000000800842c        0x0 linker stubs
 *(.eh_frame)
 .eh_frame      0x000000000800842c        0x0 /usr/local/gcc_arm/gcc-arm-none-eabi-8-2019-q3-update/bin/../lib/gcc/arm-none-eabi/8.3.1/thumb/v7-m/nofp/crtbegin.o
 *(.init)
 .init          0x000000000800842c        0x4 /usr/local/gcc_arm/gcc-arm-none-eabi-8-2019-q3-update/bin/../lib/gcc/arm-none-eabi/8.3.1/thumb/v7-m/nofp/crti.o
                0x000000000800842c                _init
 .init          0x0000000008008430        0x8 /usr/local/gcc_arm/gcc-arm-none-eabi-8-2019-q3-update/bin/../lib/gcc/arm-none-eabi/8.3.1/thumb/v7-m/nofp/crtn.o
 *(.fini)
 .fini          0x0000000008008438        0x4 /usr/local/gcc_arm/gcc-arm-none-eabi-8-2019-q3-update/bin/../lib/gcc/arm-none-eabi/8.3.1/thumb/v7-m/nofp/crti.o
                0x0000000008008438                _fini
 .fini          0x000000000800843c        0x8 /usr/local/gcc_arm/gcc-arm-none-eabi-8-2019-q3-update/bin/../lib/gcc/arm-none-eabi/8.3.1/thumb/v7-m/nofp/crtn.o
                0x0000000008008444                . = ALIGN (0x4)
                0x0000000008008444                _etext = .

.vfp11_veneer   0x0000000008008444        0x0
 .vfp11_veneer  0x0000000008008444        0x0 linker stubs

.v4_bx          0x0000000008008444        0x0
 .v4_bx         0x0000000008008444        0x0 linker stubs

.iplt           0x0000000008008444        0x0
 .iplt          0x0000000008008444        0x0 /usr/local/gcc_arm/gcc-arm-none-eabi-8-2019-q3-update/bin/../lib/gcc/arm-none-eabi/8.3.1/thumb/v7-m/nofp/crtbegin.o

.rodata         0x0000000008008444      0x464
                0x0000000008008444                . = ALIGN (0x4)
 *(.rodata)
 .rodata        0x0000000008008444       0x20 CMakeFiles/usbMbeeHost.elf.dir/Drivers/STM32F1xx_HAL_Driver/Src/stm32f1xx_hal_rcc.c.obj
 .rodata        0x0000000008008464       0xac CMakeFiles/usbMbeeHost.elf.dir/Middlewares/ST/STM32_USB_Host_Library/Class/CDC/Src/usbh_cdc.c.obj
 .rodata        0x0000000008008510      0x2b8 CMakeFiles/usbMbeeHost.elf.dir/Middlewares/ST/STM32_USB_Host_Library/Core/Src/usbh_core.c.obj
 .rodata        0x00000000080087c8       0x2d CMakeFiles/usbMbeeHost.elf.dir/Middlewares/ST/STM32_USB_Host_Library/Core/Src/usbh_ctlreq.c.obj
 *(.rodata*)
 *fill*         0x00000000080087f5        0x3 
 .rodata.AHBPrescTable
                0x00000000080087f8       0x10 CMakeFiles/usbMbeeHost.elf.dir/Src/system_stm32f1xx.c.obj
                0x00000000080087f8                AHBPrescTable
 .rodata.APBPrescTable
                0x0000000008008808        0x8 CMakeFiles/usbMbeeHost.elf.dir/Src/system_stm32f1xx.c.obj
                0x0000000008008808                APBPrescTable
 .rodata._global_impure_ptr
                0x0000000008008810        0x4 /usr/local/gcc_arm/gcc-arm-none-eabi-8-2019-q3-update/bin/../lib/gcc/arm-none-eabi/8.3.1/../../../../arm-none-eabi/lib/thumb/v7-m/nofp/libg_nano.a(lib_a-impure.o)
                0x0000000008008810                _global_impure_ptr
 .rodata.__sf_fake_stderr
                0x0000000008008814       0x20 /usr/local/gcc_arm/gcc-arm-none-eabi-8-2019-q3-update/bin/../lib/gcc/arm-none-eabi/8.3.1/../../../../arm-none-eabi/lib/thumb/v7-m/nofp/libg_nano.a(lib_a-findfp.o)
                0x0000000008008814                __sf_fake_stderr
 .rodata.__sf_fake_stdin
                0x0000000008008834       0x20 /usr/local/gcc_arm/gcc-arm-none-eabi-8-2019-q3-update/bin/../lib/gcc/arm-none-eabi/8.3.1/../../../../arm-none-eabi/lib/thumb/v7-m/nofp/libg_nano.a(lib_a-findfp.o)
                0x0000000008008834                __sf_fake_stdin
 .rodata.__sf_fake_stdout
                0x0000000008008854       0x20 /usr/local/gcc_arm/gcc-arm-none-eabi-8-2019-q3-update/bin/../lib/gcc/arm-none-eabi/8.3.1/../../../../arm-none-eabi/lib/thumb/v7-m/nofp/libg_nano.a(lib_a-findfp.o)
                0x0000000008008854                __sf_fake_stdout
 .rodata._vfprintf_r.str1.1
                0x0000000008008874       0x11 /usr/local/gcc_arm/gcc-arm-none-eabi-8-2019-q3-update/bin/../lib/gcc/arm-none-eabi/8.3.1/../../../../arm-none-eabi/lib/thumb/v7-m/nofp/libg_nano.a(lib_a-nano-vfprintf.o)
 .rodata._printf_i.str1.1
                0x0000000008008885       0x22 /usr/local/gcc_arm/gcc-arm-none-eabi-8-2019-q3-update/bin/../lib/gcc/arm-none-eabi/8.3.1/../../../../arm-none-eabi/lib/thumb/v7-m/nofp/libg_nano.a(lib_a-nano-vfprintf_i.o)
                0x00000000080088a8                . = ALIGN (0x4)
 *fill*         0x00000000080088a7        0x1 

.ARM.extab
 *(.ARM.extab* .gnu.linkonce.armextab.*)

.ARM            0x00000000080088a8        0x8
                0x00000000080088a8                __exidx_start = .
 *(.ARM.exidx*)
 .ARM.exidx     0x00000000080088a8        0x8 /usr/local/gcc_arm/gcc-arm-none-eabi-8-2019-q3-update/bin/../lib/gcc/arm-none-eabi/8.3.1/thumb/v7-m/nofp/libgcc.a(_udivmoddi4.o)
                0x00000000080088b0                __exidx_end = .

.rel.dyn        0x00000000080088b0        0x0
 .rel.iplt      0x00000000080088b0        0x0 /usr/local/gcc_arm/gcc-arm-none-eabi-8-2019-q3-update/bin/../lib/gcc/arm-none-eabi/8.3.1/thumb/v7-m/nofp/crtbegin.o

.preinit_array  0x00000000080088b0        0x0
                0x00000000080088b0                PROVIDE (__preinit_array_start = .)
 *(.preinit_array*)
                0x00000000080088b0                PROVIDE (__preinit_array_end = .)

.init_array     0x00000000080088b0        0x4
                0x00000000080088b0                PROVIDE (__init_array_start = .)
 *(SORT_BY_NAME(.init_array.*))
 *(.init_array*)
 .init_array    0x00000000080088b0        0x4 /usr/local/gcc_arm/gcc-arm-none-eabi-8-2019-q3-update/bin/../lib/gcc/arm-none-eabi/8.3.1/thumb/v7-m/nofp/crtbegin.o
                0x00000000080088b4                PROVIDE (__init_array_end = .)

.fini_array     0x00000000080088b4        0x4
                [!provide]                        PROVIDE (__fini_array_start = .)
 *(SORT_BY_NAME(.fini_array.*))
 *(.fini_array*)
 .fini_array    0x00000000080088b4        0x4 /usr/local/gcc_arm/gcc-arm-none-eabi-8-2019-q3-update/bin/../lib/gcc/arm-none-eabi/8.3.1/thumb/v7-m/nofp/crtbegin.o
                [!provide]                        PROVIDE (__fini_array_end = .)
                0x00000000080088b8                _sidata = LOADADDR (.data)

.data           0x0000000020000000       0xcc load address 0x00000000080088b8
                0x0000000020000000                . = ALIGN (0x4)
                0x0000000020000000                _sdata = .
 *(.data)
 *(.data*)
 .data.uwTickPrio
                0x0000000020000000        0x4 CMakeFiles/usbMbeeHost.elf.dir/Drivers/STM32F1xx_HAL_Driver/Src/stm32f1xx_hal.c.obj
                0x0000000020000000                uwTickPrio
 .data.uwTickFreq
                0x0000000020000004        0x1 CMakeFiles/usbMbeeHost.elf.dir/Drivers/STM32F1xx_HAL_Driver/Src/stm32f1xx_hal.c.obj
                0x0000000020000004                uwTickFreq
 *fill*         0x0000000020000005        0x3 
 .data.CDC_Class
                0x0000000020000008       0x20 CMakeFiles/usbMbeeHost.elf.dir/Middlewares/ST/STM32_USB_Host_Library/Class/CDC/Src/usbh_cdc.c.obj
                0x0000000020000008                CDC_Class
 .data.buffer   0x0000000020000028       0x1a CMakeFiles/usbMbeeHost.elf.dir/Src/main.c.obj
                0x0000000020000028                buffer
 *fill*         0x0000000020000042        0x2 
 .data.bufferUSBrecive
                0x0000000020000044       0x1a CMakeFiles/usbMbeeHost.elf.dir/Src/main.c.obj
                0x0000000020000044                bufferUSBrecive
 *fill*         0x000000002000005e        0x2 
 .data.imOK     0x0000000020000060        0x4 CMakeFiles/usbMbeeHost.elf.dir/Src/main.c.obj
                0x0000000020000060                imOK
 .data.SystemCoreClock
                0x0000000020000064        0x4 CMakeFiles/usbMbeeHost.elf.dir/Src/system_stm32f1xx.c.obj
                0x0000000020000064                SystemCoreClock
 .data._impure_ptr
                0x0000000020000068        0x4 /usr/local/gcc_arm/gcc-arm-none-eabi-8-2019-q3-update/bin/../lib/gcc/arm-none-eabi/8.3.1/../../../../arm-none-eabi/lib/thumb/v7-m/nofp/libg_nano.a(lib_a-impure.o)
                0x0000000020000068                _impure_ptr
 .data.impure_data
                0x000000002000006c       0x60 /usr/local/gcc_arm/gcc-arm-none-eabi-8-2019-q3-update/bin/../lib/gcc/arm-none-eabi/8.3.1/../../../../arm-none-eabi/lib/thumb/v7-m/nofp/libg_nano.a(lib_a-impure.o)
                0x00000000200000cc                . = ALIGN (0x4)
                0x00000000200000cc                _edata = .

.igot.plt       0x00000000200000cc        0x0 load address 0x0000000008008984
 .igot.plt      0x00000000200000cc        0x0 /usr/local/gcc_arm/gcc-arm-none-eabi-8-2019-q3-update/bin/../lib/gcc/arm-none-eabi/8.3.1/thumb/v7-m/nofp/crtbegin.o
                0x00000000200000cc                . = ALIGN (0x4)

.bss            0x00000000200000cc      0x758 load address 0x0000000008008984
                0x00000000200000cc                _sbss = .
                0x00000000200000cc                __bss_start__ = _sbss
 *(.bss)
 .bss           0x00000000200000cc       0x1c /usr/local/gcc_arm/gcc-arm-none-eabi-8-2019-q3-update/bin/../lib/gcc/arm-none-eabi/8.3.1/thumb/v7-m/nofp/crtbegin.o
 *(.bss*)
 .bss.uwTick    0x00000000200000e8        0x4 CMakeFiles/usbMbeeHost.elf.dir/Drivers/STM32F1xx_HAL_Driver/Src/stm32f1xx_hal.c.obj
                0x00000000200000e8                uwTick
 .bss.tmpreg.6299
                0x00000000200000ec        0x4 CMakeFiles/usbMbeeHost.elf.dir/Drivers/STM32F1xx_HAL_Driver/Src/stm32f1xx_ll_usb.c.obj
 .bss.huart2    0x00000000200000f0       0x40 CMakeFiles/usbMbeeHost.elf.dir/Src/main.c.obj
                0x00000000200000f0                huart2
 .bss.huart3    0x0000000020000130       0x40 CMakeFiles/usbMbeeHost.elf.dir/Src/main.c.obj
                0x0000000020000130                huart3
 .bss.heap_end.6069
                0x0000000020000170        0x4 CMakeFiles/usbMbeeHost.elf.dir/Src/syscalls.c.obj
 .bss.hUsbHostFS
                0x0000000020000174      0x3d0 CMakeFiles/usbMbeeHost.elf.dir/Src/usb_host.c.obj
                0x0000000020000174                hUsbHostFS
 .bss.Appli_state
                0x0000000020000544        0x1 CMakeFiles/usbMbeeHost.elf.dir/Src/usb_host.c.obj
                0x0000000020000544                Appli_state
 *fill*         0x0000000020000545        0x3 
 .bss.hhcd_USB_OTG_FS
                0x0000000020000548      0x2c4 CMakeFiles/usbMbeeHost.elf.dir/Src/usbh_conf.c.obj
                0x0000000020000548                hhcd_USB_OTG_FS
 .bss.__malloc_free_list
                0x000000002000080c        0x4 /usr/local/gcc_arm/gcc-arm-none-eabi-8-2019-q3-update/bin/../lib/gcc/arm-none-eabi/8.3.1/../../../../arm-none-eabi/lib/thumb/v7-m/nofp/libg_nano.a(lib_a-nano-mallocr.o)
                0x000000002000080c                __malloc_free_list
 .bss.__malloc_sbrk_start
                0x0000000020000810        0x4 /usr/local/gcc_arm/gcc-arm-none-eabi-8-2019-q3-update/bin/../lib/gcc/arm-none-eabi/8.3.1/../../../../arm-none-eabi/lib/thumb/v7-m/nofp/libg_nano.a(lib_a-nano-mallocr.o)
                0x0000000020000810                __malloc_sbrk_start
 *(COMMON)
 COMMON         0x0000000020000814        0x9 /usr/local/gcc_arm/gcc-arm-none-eabi-8-2019-q3-update/bin/../lib/gcc/arm-none-eabi/8.3.1/../../../../arm-none-eabi/lib/thumb/v7-m/nofp/libg_nano.a(lib_a-lock.o)
                0x0000000020000814                __lock___atexit_recursive_mutex
                0x0000000020000815                __lock___arc4random_mutex
                0x0000000020000816                __lock___env_recursive_mutex
                0x0000000020000817                __lock___sinit_recursive_mutex
                0x0000000020000818                __lock___malloc_recursive_mutex
                0x0000000020000819                __lock___at_quick_exit_mutex
                0x000000002000081a                __lock___dd_hash_mutex
                0x000000002000081b                __lock___tz_mutex
                0x000000002000081c                __lock___sfp_recursive_mutex
 *fill*         0x000000002000081d        0x3 
 COMMON         0x0000000020000820        0x4 /usr/local/gcc_arm/gcc-arm-none-eabi-8-2019-q3-update/bin/../lib/gcc/arm-none-eabi/8.3.1/../../../../arm-none-eabi/lib/thumb/v7-m/nofp/libg_nano.a(lib_a-reent.o)
                0x0000000020000820                errno
                0x0000000020000824                . = ALIGN (0x4)
                0x0000000020000824                _ebss = .
                0x0000000020000824                __bss_end__ = _ebss

._user_heap_stack
                0x0000000020000824     0x1404 load address 0x0000000008008984
                0x0000000020000828                . = ALIGN (0x8)
 *fill*         0x0000000020000824        0x4 
                0x0000000020000828                PROVIDE (end = .)
                [!provide]                        PROVIDE (_end = .)
                0x0000000020001828                . = (. + _Min_Heap_Size)
 *fill*         0x0000000020000828     0x1000 
                0x0000000020001c28                . = (. + _Min_Stack_Size)
 *fill*         0x0000000020001828      0x400 
                0x0000000020001c28                . = ALIGN (0x8)

/DISCARD/
 libc.a(*)
 libm.a(*)
 libgcc.a(*)

.ARM.attributes
                0x0000000000000000       0x29
 *(.ARM.attributes)
 .ARM.attributes
                0x0000000000000000       0x1d /usr/local/gcc_arm/gcc-arm-none-eabi-8-2019-q3-update/bin/../lib/gcc/arm-none-eabi/8.3.1/thumb/v7-m/nofp/crti.o
 .ARM.attributes
                0x000000000000001d       0x2d /usr/local/gcc_arm/gcc-arm-none-eabi-8-2019-q3-update/bin/../lib/gcc/arm-none-eabi/8.3.1/thumb/v7-m/nofp/crtbegin.o
 .ARM.attributes
                0x000000000000004a       0x2d CMakeFiles/usbMbeeHost.elf.dir/Drivers/STM32F1xx_HAL_Driver/Src/stm32f1xx_hal.c.obj
 .ARM.attributes
                0x0000000000000077       0x2d CMakeFiles/usbMbeeHost.elf.dir/Drivers/STM32F1xx_HAL_Driver/Src/stm32f1xx_hal_cortex.c.obj
 .ARM.attributes
                0x00000000000000a4       0x2d CMakeFiles/usbMbeeHost.elf.dir/Drivers/STM32F1xx_HAL_Driver/Src/stm32f1xx_hal_dma.c.obj
 .ARM.attributes
                0x00000000000000d1       0x2d CMakeFiles/usbMbeeHost.elf.dir/Drivers/STM32F1xx_HAL_Driver/Src/stm32f1xx_hal_gpio.c.obj
 .ARM.attributes
                0x00000000000000fe       0x2d CMakeFiles/usbMbeeHost.elf.dir/Drivers/STM32F1xx_HAL_Driver/Src/stm32f1xx_hal_hcd.c.obj
 .ARM.attributes
                0x000000000000012b       0x2d CMakeFiles/usbMbeeHost.elf.dir/Drivers/STM32F1xx_HAL_Driver/Src/stm32f1xx_hal_rcc.c.obj
 .ARM.attributes
                0x0000000000000158       0x2d CMakeFiles/usbMbeeHost.elf.dir/Drivers/STM32F1xx_HAL_Driver/Src/stm32f1xx_hal_rcc_ex.c.obj
 .ARM.attributes
                0x0000000000000185       0x2d CMakeFiles/usbMbeeHost.elf.dir/Drivers/STM32F1xx_HAL_Driver/Src/stm32f1xx_hal_uart.c.obj
 .ARM.attributes
                0x00000000000001b2       0x2d CMakeFiles/usbMbeeHost.elf.dir/Drivers/STM32F1xx_HAL_Driver/Src/stm32f1xx_ll_usb.c.obj
 .ARM.attributes
                0x00000000000001df       0x2d CMakeFiles/usbMbeeHost.elf.dir/Middlewares/ST/STM32_USB_Host_Library/Class/CDC/Src/usbh_cdc.c.obj
 .ARM.attributes
                0x000000000000020c       0x2d CMakeFiles/usbMbeeHost.elf.dir/Middlewares/ST/STM32_USB_Host_Library/Core/Src/usbh_core.c.obj
 .ARM.attributes
                0x0000000000000239       0x2d CMakeFiles/usbMbeeHost.elf.dir/Middlewares/ST/STM32_USB_Host_Library/Core/Src/usbh_ctlreq.c.obj
 .ARM.attributes
                0x0000000000000266       0x2d CMakeFiles/usbMbeeHost.elf.dir/Middlewares/ST/STM32_USB_Host_Library/Core/Src/usbh_ioreq.c.obj
 .ARM.attributes
                0x0000000000000293       0x2d CMakeFiles/usbMbeeHost.elf.dir/Middlewares/ST/STM32_USB_Host_Library/Core/Src/usbh_pipes.c.obj
 .ARM.attributes
                0x00000000000002c0       0x2d CMakeFiles/usbMbeeHost.elf.dir/Src/main.c.obj
 .ARM.attributes
                0x00000000000002ed       0x2d CMakeFiles/usbMbeeHost.elf.dir/Src/stm32f1xx_hal_msp.c.obj
 .ARM.attributes
                0x000000000000031a       0x2d CMakeFiles/usbMbeeHost.elf.dir/Src/stm32f1xx_it.c.obj
 .ARM.attributes
                0x0000000000000347       0x2d CMakeFiles/usbMbeeHost.elf.dir/Src/syscalls.c.obj
 .ARM.attributes
                0x0000000000000374       0x2d CMakeFiles/usbMbeeHost.elf.dir/Src/system_stm32f1xx.c.obj
 .ARM.attributes
                0x00000000000003a1       0x2d CMakeFiles/usbMbeeHost.elf.dir/Src/usb_host.c.obj
 .ARM.attributes
                0x00000000000003ce       0x2d CMakeFiles/usbMbeeHost.elf.dir/Src/usbh_conf.c.obj
 .ARM.attributes
                0x00000000000003fb       0x2d CMakeFiles/usbMbeeHost.elf.dir/Src/usbh_platform.c.obj
 .ARM.attributes
                0x0000000000000428       0x21 CMakeFiles/usbMbeeHost.elf.dir/startup/startup_stm32f105xc.s.obj
 .ARM.attributes
                0x0000000000000449       0x1d /usr/local/gcc_arm/gcc-arm-none-eabi-8-2019-q3-update/bin/../lib/gcc/arm-none-eabi/8.3.1/thumb/v7-m/nofp/libgcc.a(_aeabi_uldivmod.o)
 .ARM.attributes
                0x0000000000000466       0x2d /usr/local/gcc_arm/gcc-arm-none-eabi-8-2019-q3-update/bin/../lib/gcc/arm-none-eabi/8.3.1/thumb/v7-m/nofp/libgcc.a(_udivmoddi4.o)
 .ARM.attributes
                0x0000000000000493       0x1d /usr/local/gcc_arm/gcc-arm-none-eabi-8-2019-q3-update/bin/../lib/gcc/arm-none-eabi/8.3.1/thumb/v7-m/nofp/libgcc.a(_dvmd_tls.o)
 .ARM.attributes
                0x00000000000004b0       0x2d /usr/local/gcc_arm/gcc-arm-none-eabi-8-2019-q3-update/bin/../lib/gcc/arm-none-eabi/8.3.1/../../../../arm-none-eabi/lib/thumb/v7-m/nofp/libg_nano.a(lib_a-errno.o)
 .ARM.attributes
                0x00000000000004dd       0x2d /usr/local/gcc_arm/gcc-arm-none-eabi-8-2019-q3-update/bin/../lib/gcc/arm-none-eabi/8.3.1/../../../../arm-none-eabi/lib/thumb/v7-m/nofp/libg_nano.a(lib_a-impure.o)
 .ARM.attributes
                0x000000000000050a       0x2d /usr/local/gcc_arm/gcc-arm-none-eabi-8-2019-q3-update/bin/../lib/gcc/arm-none-eabi/8.3.1/../../../../arm-none-eabi/lib/thumb/v7-m/nofp/libg_nano.a(lib_a-malloc.o)
 .ARM.attributes
                0x0000000000000537       0x2d /usr/local/gcc_arm/gcc-arm-none-eabi-8-2019-q3-update/bin/../lib/gcc/arm-none-eabi/8.3.1/../../../../arm-none-eabi/lib/thumb/v7-m/nofp/libg_nano.a(lib_a-memset.o)
 .ARM.attributes
                0x0000000000000564       0x2d /usr/local/gcc_arm/gcc-arm-none-eabi-8-2019-q3-update/bin/../lib/gcc/arm-none-eabi/8.3.1/../../../../arm-none-eabi/lib/thumb/v7-m/nofp/libg_nano.a(lib_a-nano-freer.o)
 .ARM.attributes
                0x0000000000000591       0x2d /usr/local/gcc_arm/gcc-arm-none-eabi-8-2019-q3-update/bin/../lib/gcc/arm-none-eabi/8.3.1/../../../../arm-none-eabi/lib/thumb/v7-m/nofp/libg_nano.a(lib_a-nano-mallocr.o)
 .ARM.attributes
                0x00000000000005be       0x2d /usr/local/gcc_arm/gcc-arm-none-eabi-8-2019-q3-update/bin/../lib/gcc/arm-none-eabi/8.3.1/../../../../arm-none-eabi/lib/thumb/v7-m/nofp/libg_nano.a(lib_a-printf.o)
 .ARM.attributes
                0x00000000000005eb       0x2d /usr/local/gcc_arm/gcc-arm-none-eabi-8-2019-q3-update/bin/../lib/gcc/arm-none-eabi/8.3.1/../../../../arm-none-eabi/lib/thumb/v7-m/nofp/libg_nano.a(lib_a-putchar.o)
 .ARM.attributes
                0x0000000000000618       0x2d /usr/local/gcc_arm/gcc-arm-none-eabi-8-2019-q3-update/bin/../lib/gcc/arm-none-eabi/8.3.1/../../../../arm-none-eabi/lib/thumb/v7-m/nofp/libg_nano.a(lib_a-sbrkr.o)
 .ARM.attributes
                0x0000000000000645       0x2d /usr/local/gcc_arm/gcc-arm-none-eabi-8-2019-q3-update/bin/../lib/gcc/arm-none-eabi/8.3.1/../../../../arm-none-eabi/lib/thumb/v7-m/nofp/libg_nano.a(lib_a-findfp.o)
 .ARM.attributes
                0x0000000000000672       0x2d /usr/local/gcc_arm/gcc-arm-none-eabi-8-2019-q3-update/bin/../lib/gcc/arm-none-eabi/8.3.1/../../../../arm-none-eabi/lib/thumb/v7-m/nofp/libg_nano.a(lib_a-fwalk.o)
 .ARM.attributes
                0x000000000000069f       0x2d /usr/local/gcc_arm/gcc-arm-none-eabi-8-2019-q3-update/bin/../lib/gcc/arm-none-eabi/8.3.1/../../../../arm-none-eabi/lib/thumb/v7-m/nofp/libg_nano.a(lib_a-lock.o)
 .ARM.attributes
                0x00000000000006cc       0x2d /usr/local/gcc_arm/gcc-arm-none-eabi-8-2019-q3-update/bin/../lib/gcc/arm-none-eabi/8.3.1/../../../../arm-none-eabi/lib/thumb/v7-m/nofp/libg_nano.a(lib_a-mlock.o)
 .ARM.attributes
                0x00000000000006f9       0x2d /usr/local/gcc_arm/gcc-arm-none-eabi-8-2019-q3-update/bin/../lib/gcc/arm-none-eabi/8.3.1/../../../../arm-none-eabi/lib/thumb/v7-m/nofp/libg_nano.a(lib_a-nano-vfprintf.o)
 .ARM.attributes
                0x0000000000000726       0x2d /usr/local/gcc_arm/gcc-arm-none-eabi-8-2019-q3-update/bin/../lib/gcc/arm-none-eabi/8.3.1/../../../../arm-none-eabi/lib/thumb/v7-m/nofp/libg_nano.a(lib_a-nano-vfprintf_i.o)
 .ARM.attributes
                0x0000000000000753       0x2d /usr/local/gcc_arm/gcc-arm-none-eabi-8-2019-q3-update/bin/../lib/gcc/arm-none-eabi/8.3.1/../../../../arm-none-eabi/lib/thumb/v7-m/nofp/libg_nano.a(lib_a-putc.o)
 .ARM.attributes
                0x0000000000000780       0x2d /usr/local/gcc_arm/gcc-arm-none-eabi-8-2019-q3-update/bin/../lib/gcc/arm-none-eabi/8.3.1/../../../../arm-none-eabi/lib/thumb/v7-m/nofp/libg_nano.a(lib_a-reent.o)
 .ARM.attributes
                0x00000000000007ad       0x2d /usr/local/gcc_arm/gcc-arm-none-eabi-8-2019-q3-update/bin/../lib/gcc/arm-none-eabi/8.3.1/../../../../arm-none-eabi/lib/thumb/v7-m/nofp/libg_nano.a(lib_a-stdio.o)
 .ARM.attributes
                0x00000000000007da       0x2d /usr/local/gcc_arm/gcc-arm-none-eabi-8-2019-q3-update/bin/../lib/gcc/arm-none-eabi/8.3.1/../../../../arm-none-eabi/lib/thumb/v7-m/nofp/libg_nano.a(lib_a-wbuf.o)
 .ARM.attributes
                0x0000000000000807       0x2d /usr/local/gcc_arm/gcc-arm-none-eabi-8-2019-q3-update/bin/../lib/gcc/arm-none-eabi/8.3.1/../../../../arm-none-eabi/lib/thumb/v7-m/nofp/libg_nano.a(lib_a-writer.o)
 .ARM.attributes
                0x0000000000000834       0x2d /usr/local/gcc_arm/gcc-arm-none-eabi-8-2019-q3-update/bin/../lib/gcc/arm-none-eabi/8.3.1/../../../../arm-none-eabi/lib/thumb/v7-m/nofp/libg_nano.a(lib_a-wsetup.o)
 .ARM.attributes
                0x0000000000000861       0x2d /usr/local/gcc_arm/gcc-arm-none-eabi-8-2019-q3-update/bin/../lib/gcc/arm-none-eabi/8.3.1/../../../../arm-none-eabi/lib/thumb/v7-m/nofp/libg_nano.a(lib_a-closer.o)
 .ARM.attributes
                0x000000000000088e       0x2d /usr/local/gcc_arm/gcc-arm-none-eabi-8-2019-q3-update/bin/../lib/gcc/arm-none-eabi/8.3.1/../../../../arm-none-eabi/lib/thumb/v7-m/nofp/libg_nano.a(lib_a-fflush.o)
 .ARM.attributes
                0x00000000000008bb       0x2d /usr/local/gcc_arm/gcc-arm-none-eabi-8-2019-q3-update/bin/../lib/gcc/arm-none-eabi/8.3.1/../../../../arm-none-eabi/lib/thumb/v7-m/nofp/libg_nano.a(lib_a-lseekr.o)
 .ARM.attributes
                0x00000000000008e8       0x2d /usr/local/gcc_arm/gcc-arm-none-eabi-8-2019-q3-update/bin/../lib/gcc/arm-none-eabi/8.3.1/../../../../arm-none-eabi/lib/thumb/v7-m/nofp/libg_nano.a(lib_a-makebuf.o)
 .ARM.attributes
                0x0000000000000915       0x2d /usr/local/gcc_arm/gcc-arm-none-eabi-8-2019-q3-update/bin/../lib/gcc/arm-none-eabi/8.3.1/../../../../arm-none-eabi/lib/thumb/v7-m/nofp/libg_nano.a(lib_a-memchr-stub.o)
 .ARM.attributes
                0x0000000000000942       0x2d /usr/local/gcc_arm/gcc-arm-none-eabi-8-2019-q3-update/bin/../lib/gcc/arm-none-eabi/8.3.1/../../../../arm-none-eabi/lib/thumb/v7-m/nofp/libg_nano.a(lib_a-readr.o)
 .ARM.attributes
                0x000000000000096f       0x2d /usr/local/gcc_arm/gcc-arm-none-eabi-8-2019-q3-update/bin/../lib/gcc/arm-none-eabi/8.3.1/../../../../arm-none-eabi/lib/thumb/v7-m/nofp/libg_nano.a(lib_a-fstatr.o)
 .ARM.attributes
                0x000000000000099c       0x2d /usr/local/gcc_arm/gcc-arm-none-eabi-8-2019-q3-update/bin/../lib/gcc/arm-none-eabi/8.3.1/../../../../arm-none-eabi/lib/thumb/v7-m/nofp/libg_nano.a(lib_a-isattyr.o)
 .ARM.attributes
                0x00000000000009c9       0x1d /usr/local/gcc_arm/gcc-arm-none-eabi-8-2019-q3-update/bin/../lib/gcc/arm-none-eabi/8.3.1/thumb/v7-m/nofp/crtn.o
OUTPUT(usbMbeeHost.elf elf32-littlearm)

.debug_info     0x0000000000000000    0x16642
 .debug_info    0x0000000000000000      0x7c3 CMakeFiles/usbMbeeHost.elf.dir/Drivers/STM32F1xx_HAL_Driver/Src/stm32f1xx_hal.c.obj
 .debug_info    0x00000000000007c3      0xc25 CMakeFiles/usbMbeeHost.elf.dir/Drivers/STM32F1xx_HAL_Driver/Src/stm32f1xx_hal_cortex.c.obj
 .debug_info    0x00000000000013e8      0x807 CMakeFiles/usbMbeeHost.elf.dir/Drivers/STM32F1xx_HAL_Driver/Src/stm32f1xx_hal_dma.c.obj
 .debug_info    0x0000000000001bef      0x6f6 CMakeFiles/usbMbeeHost.elf.dir/Drivers/STM32F1xx_HAL_Driver/Src/stm32f1xx_hal_gpio.c.obj
 .debug_info    0x00000000000022e5      0xefb CMakeFiles/usbMbeeHost.elf.dir/Drivers/STM32F1xx_HAL_Driver/Src/stm32f1xx_hal_hcd.c.obj
 .debug_info    0x00000000000031e0      0x925 CMakeFiles/usbMbeeHost.elf.dir/Drivers/STM32F1xx_HAL_Driver/Src/stm32f1xx_hal_rcc.c.obj
 .debug_info    0x0000000000003b05      0x63d CMakeFiles/usbMbeeHost.elf.dir/Drivers/STM32F1xx_HAL_Driver/Src/stm32f1xx_hal_rcc_ex.c.obj
 .debug_info    0x0000000000004142     0x12db CMakeFiles/usbMbeeHost.elf.dir/Drivers/STM32F1xx_HAL_Driver/Src/stm32f1xx_hal_uart.c.obj
 .debug_info    0x000000000000541d     0x19fb CMakeFiles/usbMbeeHost.elf.dir/Drivers/STM32F1xx_HAL_Driver/Src/stm32f1xx_ll_usb.c.obj
 .debug_info    0x0000000000006e18     0x1cd5 CMakeFiles/usbMbeeHost.elf.dir/Middlewares/ST/STM32_USB_Host_Library/Class/CDC/Src/usbh_cdc.c.obj
 .debug_info    0x0000000000008aed     0x17bf CMakeFiles/usbMbeeHost.elf.dir/Middlewares/ST/STM32_USB_Host_Library/Core/Src/usbh_core.c.obj
 .debug_info    0x000000000000a2ac     0x18a0 CMakeFiles/usbMbeeHost.elf.dir/Middlewares/ST/STM32_USB_Host_Library/Core/Src/usbh_ctlreq.c.obj
 .debug_info    0x000000000000bb4c     0x15e9 CMakeFiles/usbMbeeHost.elf.dir/Middlewares/ST/STM32_USB_Host_Library/Core/Src/usbh_ioreq.c.obj
 .debug_info    0x000000000000d135     0x1411 CMakeFiles/usbMbeeHost.elf.dir/Middlewares/ST/STM32_USB_Host_Library/Core/Src/usbh_pipes.c.obj
 .debug_info    0x000000000000e546     0x1e4d CMakeFiles/usbMbeeHost.elf.dir/Src/main.c.obj
 .debug_info    0x0000000000010393      0xa9f CMakeFiles/usbMbeeHost.elf.dir/Src/stm32f1xx_hal_msp.c.obj
 .debug_info    0x0000000000010e32      0xb6e CMakeFiles/usbMbeeHost.elf.dir/Src/stm32f1xx_it.c.obj
 .debug_info    0x00000000000119a0     0x100f CMakeFiles/usbMbeeHost.elf.dir/Src/syscalls.c.obj
 .debug_info    0x00000000000129af      0x49f CMakeFiles/usbMbeeHost.elf.dir/Src/system_stm32f1xx.c.obj
 .debug_info    0x0000000000012e4e     0x135a CMakeFiles/usbMbeeHost.elf.dir/Src/usb_host.c.obj
 .debug_info    0x00000000000141a8     0x2225 CMakeFiles/usbMbeeHost.elf.dir/Src/usbh_conf.c.obj
 .debug_info    0x00000000000163cd      0x253 CMakeFiles/usbMbeeHost.elf.dir/Src/usbh_platform.c.obj
 .debug_info    0x0000000000016620       0x22 CMakeFiles/usbMbeeHost.elf.dir/startup/startup_stm32f105xc.s.obj

.debug_abbrev   0x0000000000000000     0x36d0
 .debug_abbrev  0x0000000000000000      0x1fd CMakeFiles/usbMbeeHost.elf.dir/Drivers/STM32F1xx_HAL_Driver/Src/stm32f1xx_hal.c.obj
 .debug_abbrev  0x00000000000001fd      0x310 CMakeFiles/usbMbeeHost.elf.dir/Drivers/STM32F1xx_HAL_Driver/Src/stm32f1xx_hal_cortex.c.obj
 .debug_abbrev  0x000000000000050d      0x225 CMakeFiles/usbMbeeHost.elf.dir/Drivers/STM32F1xx_HAL_Driver/Src/stm32f1xx_hal_dma.c.obj
 .debug_abbrev  0x0000000000000732      0x1e5 CMakeFiles/usbMbeeHost.elf.dir/Drivers/STM32F1xx_HAL_Driver/Src/stm32f1xx_hal_gpio.c.obj
 .debug_abbrev  0x0000000000000917      0x28a CMakeFiles/usbMbeeHost.elf.dir/Drivers/STM32F1xx_HAL_Driver/Src/stm32f1xx_hal_hcd.c.obj
 .debug_abbrev  0x0000000000000ba1      0x252 CMakeFiles/usbMbeeHost.elf.dir/Drivers/STM32F1xx_HAL_Driver/Src/stm32f1xx_hal_rcc.c.obj
 .debug_abbrev  0x0000000000000df3      0x1b0 CMakeFiles/usbMbeeHost.elf.dir/Drivers/STM32F1xx_HAL_Driver/Src/stm32f1xx_hal_rcc_ex.c.obj
 .debug_abbrev  0x0000000000000fa3      0x26d CMakeFiles/usbMbeeHost.elf.dir/Drivers/STM32F1xx_HAL_Driver/Src/stm32f1xx_hal_uart.c.obj
 .debug_abbrev  0x0000000000001210      0x2a4 CMakeFiles/usbMbeeHost.elf.dir/Drivers/STM32F1xx_HAL_Driver/Src/stm32f1xx_ll_usb.c.obj
 .debug_abbrev  0x00000000000014b4      0x34f CMakeFiles/usbMbeeHost.elf.dir/Middlewares/ST/STM32_USB_Host_Library/Class/CDC/Src/usbh_cdc.c.obj
 .debug_abbrev  0x0000000000001803      0x393 CMakeFiles/usbMbeeHost.elf.dir/Middlewares/ST/STM32_USB_Host_Library/Core/Src/usbh_core.c.obj
 .debug_abbrev  0x0000000000001b96      0x364 CMakeFiles/usbMbeeHost.elf.dir/Middlewares/ST/STM32_USB_Host_Library/Core/Src/usbh_ctlreq.c.obj
 .debug_abbrev  0x0000000000001efa      0x2b2 CMakeFiles/usbMbeeHost.elf.dir/Middlewares/ST/STM32_USB_Host_Library/Core/Src/usbh_ioreq.c.obj
 .debug_abbrev  0x00000000000021ac      0x2f0 CMakeFiles/usbMbeeHost.elf.dir/Middlewares/ST/STM32_USB_Host_Library/Core/Src/usbh_pipes.c.obj
 .debug_abbrev  0x000000000000249c      0x364 CMakeFiles/usbMbeeHost.elf.dir/Src/main.c.obj
 .debug_abbrev  0x0000000000002800      0x1b2 CMakeFiles/usbMbeeHost.elf.dir/Src/stm32f1xx_hal_msp.c.obj
 .debug_abbrev  0x00000000000029b2      0x1b1 CMakeFiles/usbMbeeHost.elf.dir/Src/stm32f1xx_it.c.obj
 .debug_abbrev  0x0000000000002b63      0x2a9 CMakeFiles/usbMbeeHost.elf.dir/Src/syscalls.c.obj
 .debug_abbrev  0x0000000000002e0c      0x142 CMakeFiles/usbMbeeHost.elf.dir/Src/system_stm32f1xx.c.obj
 .debug_abbrev  0x0000000000002f4e      0x2a1 CMakeFiles/usbMbeeHost.elf.dir/Src/usb_host.c.obj
 .debug_abbrev  0x00000000000031ef      0x3b8 CMakeFiles/usbMbeeHost.elf.dir/Src/usbh_conf.c.obj
 .debug_abbrev  0x00000000000035a7      0x117 CMakeFiles/usbMbeeHost.elf.dir/Src/usbh_platform.c.obj
 .debug_abbrev  0x00000000000036be       0x12 CMakeFiles/usbMbeeHost.elf.dir/startup/startup_stm32f105xc.s.obj

.debug_aranges  0x0000000000000000      0xde0
 .debug_aranges
                0x0000000000000000       0xe0 CMakeFiles/usbMbeeHost.elf.dir/Drivers/STM32F1xx_HAL_Driver/Src/stm32f1xx_hal.c.obj
 .debug_aranges
                0x00000000000000e0      0x100 CMakeFiles/usbMbeeHost.elf.dir/Drivers/STM32F1xx_HAL_Driver/Src/stm32f1xx_hal_cortex.c.obj
 .debug_aranges
                0x00000000000001e0       0x80 CMakeFiles/usbMbeeHost.elf.dir/Drivers/STM32F1xx_HAL_Driver/Src/stm32f1xx_hal_dma.c.obj
 .debug_aranges
                0x0000000000000260       0x58 CMakeFiles/usbMbeeHost.elf.dir/Drivers/STM32F1xx_HAL_Driver/Src/stm32f1xx_hal_gpio.c.obj
 .debug_aranges
                0x00000000000002b8       0xf0 CMakeFiles/usbMbeeHost.elf.dir/Drivers/STM32F1xx_HAL_Driver/Src/stm32f1xx_hal_hcd.c.obj
 .debug_aranges
                0x00000000000003a8       0x90 CMakeFiles/usbMbeeHost.elf.dir/Drivers/STM32F1xx_HAL_Driver/Src/stm32f1xx_hal_rcc.c.obj
 .debug_aranges
                0x0000000000000438       0x50 CMakeFiles/usbMbeeHost.elf.dir/Drivers/STM32F1xx_HAL_Driver/Src/stm32f1xx_hal_rcc_ex.c.obj
 .debug_aranges
                0x0000000000000488      0x1d0 CMakeFiles/usbMbeeHost.elf.dir/Drivers/STM32F1xx_HAL_Driver/Src/stm32f1xx_hal_uart.c.obj
 .debug_aranges
                0x0000000000000658      0x198 CMakeFiles/usbMbeeHost.elf.dir/Drivers/STM32F1xx_HAL_Driver/Src/stm32f1xx_ll_usb.c.obj
 .debug_aranges
                0x00000000000007f0       0xa8 CMakeFiles/usbMbeeHost.elf.dir/Middlewares/ST/STM32_USB_Host_Library/Class/CDC/Src/usbh_cdc.c.obj
 .debug_aranges